I/ActivityManager(  286): Start proc com.android.settings for broadcast com.android.settings/.widget.SettingsAppWidgetProvider: pid=414 uid=1000 gids={41000, 3003, 1028, 1015, 1023, 1007, 3002, 3001}
I/InputReader(  286): Reconfiguring input devices.  changes=0x00000020
I/InputReader(  286): Reconfiguring input devices.  changes=0x00000010
I/dalvikvm(  414): ignoring registerObject request in thread=1
I/dalvikvm(  414): ignoring registerObject request in thread=1
W/SocketClient(  163): write error (Broken pipe)
D/BluetoothAdapter(  341): 1249867404: getState() :  mService = null. Returning STATE_OFF
D/dalvikvm(  341): GC_CONCURRENT freed 205K, 7% free 3984K/4252K, paused 2ms+1ms, total 7ms
I/ActivityManager(  286): Start proc com.android.phone for added application com.android.phone: pid=427 uid=1001 gids={41001, 3002, 3001, 3003, 1028, 1015, 1023}
I/ActivityManager(  286): START u0 {act=android.intent.action.MAIN cat=[android.intent.category.HOME] flg=0x10000000 cmp=com.vphone.launcher/.Launcher} from pid 0
I/ActivityManager(  286): Start proc com.vphone.launcher for activity com.vphone.launcher/.Launcher: pid=440 uid=1000 gids={41000, 3003, 1028, 1015, 1023, 1007, 3002, 3001}
I/Choreographer(  286): Skipped 30 frames!  The application may be doing too much work on its main thread.
W/ActivityManager(  286): Unable to start service Intent { cmp=com.android.printspooler/.PrintSpoolerService } U=0: not found
V/KeyguardServiceDelegate(  286): *** Keyguard connected (yay!)
I/dalvikvm(  440): ignoring registerObject request in thread=1
I/dalvikvm(  440): ignoring registerObject request in thread=1
D/WifiMonitor(  286): startMonitoring(eth1) with mConnected = false
E/WifiHW  (  286): Unable to open connection to supplicant on "@android:wpa_eth1": No such file or directory
W/InputMethodManagerService(  286): Focus gain on non-focused client android.view.inputmethod.InputMethodManager$1@4a911784 (uid=1000 pid=286)
I/dalvikvm(  427): ignoring registerObject request in thread=1
I/dalvikvm(  427): ignoring registerObject request in thread=1
D/PhoneStatusBar(  341): disable: < expand icons alerts ticker system_info back home recent clock search >
D/BluetoothManagerService(  286): Message: 300
D/BluetoothManagerService(  286): MESSAGE_USER_SWITCHED
V/BackupManagerService(  286): Connected to transport ComponentInfo{android/com.android.internal.backup.LocalTransportService}
V/BackupManagerService(  286): Registering transport android/com.android.internal.backup.LocalTransportService::android/com.android.internal.backup.LocalTransport = com.android.internal.backup.LocalTransport@4a91d598
D/dalvikvm(  286): GC_CONCURRENT freed 358K, 8% free 5365K/5792K, paused 2ms+1ms, total 14ms
I/wpa_supplicant(  454): Successfully initialized wpa_supplicant
I/ActivityManager(  286): Start proc android.process.acore for content provider com.android.providers.contacts/.ContactsProvider2: pid=456 uid=10002 gids={50002, 3003, 1028, 1015, 1023}
I/dalvikvm(  456): ignoring registerObject request in thread=1
I/dalvikvm(  456): ignoring registerObject request in thread=1
D/BluetoothAdapter(  341): 1249867404: getState() :  mService = null. Returning STATE_OFF
D/BluetoothAdapter(  341): 1249867404: getState() :  mService = null. Returning STATE_OFF
D/PhoneStatusBar(  341): heads up is disabled
D/PhoneStatusBar(  341): mSettingsPanelGravity = 55
D/BluetoothManagerService(  286): Message: 20
D/BluetoothManagerService(  286): Added callback: android.bluetooth.IBluetoothManagerCallback$Stub$Proxy@4a9181ec:true
D/BluetoothAdapter(  414): 1249767148: getState() :  mService = null. Returning STATE_OFF
D/BluetoothManagerService(  286): Message: 30
E/BluetoothInputDevice(  414): Could not bind to Bluetooth HID Service with Intent { act=android.bluetooth.IBluetoothInputDevice }
D/BluetoothManagerService(  286): Message: 30
E/BluetoothPan(  414): Could not bind to Bluetooth Pan Service with Intent { act=android.bluetooth.IBluetoothPan }
D/LocalBluetoothProfileManager(  414): Adding local MAP profile
D/BluetoothMap(  414): Create BluetoothMap proxy object
D/BluetoothManagerService(  286): Message: 30
E/BluetoothMap(  414): Could not bind to Bluetooth MAP Service with Intent { act=android.bluetooth.IBluetoothMap }
D/BluetoothManagerService(  286): Message: 30
E/BluetoothPbap(  414): Could not bind to Bluetooth Pbap Service with Intent { act=android.bluetooth.IBluetoothPbap }
D/LocalBluetoothProfileManager(  414): LocalBluetoothProfileManager construction complete
D/BluetoothAdapter(  414): 1249767148: getState() :  mService = null. Returning STATE_OFF
D/BluetoothAdapter(  414): 1249767148: getState() :  mService = null. Returning STATE_OFF
D/dalvikvm(  456): JIT code cache reset in 0 ms (0 bytes 1/0)
D/dalvikvm(  456): GC_CONCURRENT freed 212K, 9% free 3093K/3364K, paused 1ms+2ms, total 28ms
D/libEGL  (  341): loaded /system/lib/egl/libEGL_adreno.so
D/        (  341): HostConnection::get() New Host Connection established 0xb7dac4f0, tid 341
D/libEGL  (  341): loaded /system/lib/egl/libGLESv1_CM_adreno.so
D/libEGL  (  341): loaded /system/lib/egl/libGLESv2_adreno.so
D/BluetoothManagerService(  286): Message: 20
D/BluetoothManagerService(  286): Added callback: android.bluetooth.IBluetoothManagerCallback$Stub$Proxy@4a7e3bfc:true
W/EGL_emulation(  341): eglSurfaceAttrib not implemented 3093 12436
D/OpenGLRenderer(  341): Enabling debug mode 0
D/BluetoothAdapter(  414): 1249767148: getState() :  mService = null. Returning STATE_OFF
D/PhoneStatusBar(  341): disable: < EXPAND* icons alerts TICKER* system_info back home RECENT* clock SEARCH* >
D/BluetoothManagerService(  286): Message: 30
E/BluetoothHeadset(  427): Could not bind to Bluetooth Headset Service with Intent { act=android.bluetooth.IBluetoothHeadset }
W/WindowManager(  286): updateFocusedWindowLocked, focusedAppToken is null.
D/dalvikvm(  427): GC_CONCURRENT freed 155K, 7% free 3110K/3324K, paused 1ms+1ms, total 10ms
D/dalvikvm(  341): GC_CONCURRENT freed 129K, 5% free 4256K/4444K, paused 7ms+1ms, total 23ms
D/CallNotifier(  427): CallNotifier: mSignalInfoToneGenerator created when toneplay
D/BluetoothManagerService(  286): Message: 30
E/BluetoothHeadset(  427): Could not bind to Bluetooth Headset Service with Intent { act=android.bluetooth.IBluetoothHeadset }
V/KeyguardHostView(  341): Initial transport state: 1, pbstate=0
D/TelephonyDebugService(  427): TelephonyDebugService()
D/MobileDataStateTracker(  286): default: Broadcast received: android.intent.action.ANY_DATA_STATE apnType=default
D/MobileDataStateTracker(  286): default: Received state=DISCONNECTED, old=DISCONNECTED, reason=radioTurnedOff
D/MobileDataStateTracker(  286): default: Broadcast received: android.intent.action.ANY_DATA_STATE apnType=default
D/MobileDataStateTracker(  286): default: Received state=DISCONNECTED, old=DISCONNECTED, reason=radioTurnedOff
D/MobileDataStateTracker(  286): default: Broadcast received: android.intent.action.ANY_DATA_STATE apnType=default
D/MobileDataStateTracker(  286): default: Received state=DISCONNECTED, old=DISCONNECTED, reason=dataDetached
D/BluetoothManagerService(  286): Message: 30
E/BluetoothHeadset(  427): Could not bind to Bluetooth Headset Service with Intent { act=android.bluetooth.IBluetoothHeadset }
E/BluetoothPhoneService(  427): Could not get a handle on Connection object for the call
W/CallNotifier(  427): Got onMwiChanged() on non-voice-capable device! Ignoring...
I/PhoneApp(  427): Headset phone created, binding local service.
D/dalvikvm(  341): GC_FOR_ALLOC freed 128K, 5% free 4407K/4596K, paused 6ms, total 6ms
I/dalvikvm-heap(  341): Grow heap (frag case) to 10.608MB for 6553612-byte allocation
D/dalvikvm(  341): GC_CONCURRENT freed 3K, 2% free 10803K/11000K, paused 2ms+1ms, total 7ms
I/dalvikvm(  440): Could not find method android.view.ViewAnimationUtils.createCircularReveal, referenced from method com.vphone.launcher.Launcher.a
W/dalvikvm(  440): VFY: unable to resolve static method 16870: Landroid/view/ViewAnimationUtils;.createCircularReveal (Landroid/view/View;IIFF)Landroid/animation/Animator;
D/dalvikvm(  440): VFY: replacing opcode 0x71 at 0x0269
D/Launcher.LauncherProvider(  440): 11683562 - initializeMaxScreenId(): 1
V/Launcher(  440): LauncherAppState inited
D/dalvikvm(  440): GC_CONCURRENT freed 216K, 9% free 3025K/3308K, paused 2ms+1ms, total 7ms
D/dalvikvm(  427): GC_CONCURRENT freed 265K, 10% free 3231K/3556K, paused 3ms+0ms, total 9ms
D/dalvikvm(  440): GC_FOR_ALLOC freed 4K, 8% free 3331K/3584K, paused 4ms, total 8ms
D/Launcher.Model(  440): Old launcher provider: content://com.android.launcher2.settings/favorites?notify=true
D/Launcher.Model(  440): Old launcher provider does not exist.
I/PackageManager(  286):   Action: "android.intent.action.MAIN"
I/PackageManager(  286):   Category: "android.intent.category.HOME"
I/PackageManager(  286):   Category: "android.intent.category.DEFAULT"
I/PackageManager(  286): Adding preferred activity ComponentInfo{com.vphone.launcher/com.vphone.launcher.Launcher} for user 0 :
W/ImageLoader(  440): diskCache() and diskCacheFileNameGenerator() calls overlap each other
I/Choreographer(  341): Skipped 59 frames!  The application may be doing too much work on its main thread.
I/wpa_supplicant(  454): eth1: Trying to associate with 01:80:c2:00:00:03 (SSID='WiredSSID' freq=2412 MHz)
I/wpa_supplicant(  454): eth1: No network configuration found for the current AP
I/wpa_supplicant(  454): eth1: CTRL-EVENT-DISCONNECTED bssid=01:80:c2:00:00:03 reason=3 locally_generated=1
I/wpa_supplicant(  454): eth1: Associate with key management = 0 - comparing with WPA_NONE 16
I/wpa_supplicant(  454): eth1: Auth timeout 'coz 802.11, assoc_failed=0 ssid->mode=0
I/wpa_supplicant(  454): eth1: Setting authentication timeout: 10 sec 0 usec
D/WifiConfigStore(  286): Loading config and enabling all networks
W/ContextImpl(  440): Calling a method in the system process without a qualified user: android.app.ContextImpl.startService:1492 android.content.ContextWrapper.startService:494 com.vphone.launcher.LauncherApplication.onCreate:113 android.app.Instrumentation.callApplicationOnCreate:1024 android.app.ActivityThread.handleBindApplication:4346 
D/BluetoothAdapter(  414): 1249767148: getState() :  mService = null. Returning STATE_OFF
V/KeyguardHostView(  341): music state changed: 0
E/WifiStateMachine(  286): Failed to set frequency band 0
D/dalvikvm(  440): GC_CONCURRENT freed 233K, 8% free 3533K/3824K, paused 1ms+3ms, total 12ms
W/EGL_emulation(  341): eglSurfaceAttrib not implemented 3093 12436
W/ActivityThread(  440): ClassLoader.loadClass: The class loader returned by Thread.getContextClassLoader() may fail for processes that host multiple applications. You should explicitly specify a context class loader. For example: Thread.setContextClassLoader(getClass().getClassLoader());
W/Launcher(  440): setApplicationContext called twice! old=com.vphone.launcher.LauncherApplication@4a7db0a4 new=com.vphone.launcher.LauncherApplication@4a7db0a4
D/su      (  512): su invoked.
D/su      (  512): starting daemon client 1000 1000
D/su      (  514): remote pid: 512
D/su      (  514): remote pts_slave: 
D/su      (  514): waiting for child exit
D/su      (  516): su invoked.
D/su      (  516): 1000 /system/xbin/su executing 0 /system/bin/sh using binary /system/bin/sh : sh
D/dalvikvm(  440): GC_CONCURRENT freed 247K, 8% free 3672K/3980K, paused 1ms+1ms, total 8ms
W/SocketClient(  163): write error (Broken pipe)
D/su      (  514): sending code
D/su      (  514): child exited
D/su      (  512): client exited 255
V/KeyguardServiceDelegate(  286): **** SHOWN CALLED ****
I/dalvikvm(  440): Could not find method android.view.ViewAnimationUtils.createCircularReveal, referenced from method com.vphone.launcher.LauncherAnimUtils.createCircularReveal
W/dalvikvm(  440): VFY: unable to resolve static method 16870: Landroid/view/ViewAnimationUtils;.createCircularReveal (Landroid/view/View;IIFF)Landroid/animation/Animator;
D/dalvikvm(  440): VFY: replacing opcode 0x71 at 0x0000
W/ResourceType(  440): Attempt to retrieve bag 0x7f0e00a4 which is invalid or in a cycle.
D/PhoneStatusBar(  341): disable: < EXPAND icons alerts TICKER system_info BACK* HOME* RECENT clock SEARCH >
I/ContactLocale(  456): AddressBook Labels [zh_CN]: [, A, B, C, D, E, F, G, H, I, J, K, L, M, N, O, P, Q, R, S, T, U, V, W, X, Y, Z, , , , , , , , , , , , , , , , , , , , , , , , , , , , , , , , , , , , , , , , , , , , , , , , , , , , , , , , , , , , , , , , , , , , , , , , , , , , , , , , , , , , , , , , , , , , , , , , , , , , , , , , , , , , , , , , , , , , , , , , , , , , , , , , , , , , , , , , , , , , , , , , , , , , , , , , , , , , #, ]
V/KeyguardHostView(  341): Initial transport state: 1, pbstate=0
D/dalvikvm(  440): GC_CONCURRENT freed 265K, 9% free 3881K/4232K, paused 7ms+1ms, total 38ms
D/dalvikvm(  440): WAIT_FOR_CONCURRENT_GC blocked 7ms
V/KeyguardHostView(  341): music state changed: 0
W/Searchables(  286): No global search activity found
D/Launcher.Model(  440): 11683562 - loadWorkspace()
D/AndroidRuntime(  517): 
D/AndroidRuntime(  517): >>>>>> AndroidRuntime START com.android.internal.os.RuntimeInit <<<<<<
D/Launcher.Model(  440): 11683562 -   loadedOldDb: false
W/ContextImpl(  440): Calling a method in the system process without a qualified user: android.app.ContextImpl.startService:1492 android.content.ContextWrapper.startService:494 com.vphone.launcher.Launcher.g:677 com.vphone.launcher.Launcher.a:176 com.vphone.launcher.Launcher$11.run:633 
D/        (  167): HostConnection::get() New Host Connection established 0xb817f760, tid 528
D/dalvikvm(  440): GC_CONCURRENT freed 185K, 6% free 4090K/4332K, paused 0ms+1ms, total 11ms
D/Launcher.Model(  440): Invalid package: ComponentInfo{com.vphone.launcher.ad.icon/com.vphone.launcher.icon} (check again later)
D/dalvikvm(  440): GC_CONCURRENT freed 279K, 8% free 4247K/4616K, paused 0ms+1ms, total 23ms
D/AndroidRuntime(  517): CheckJNI is OFF
D/dalvikvm(  517): Using executionMode 2
D/dalvikvm(  517): Trying to load lib libjavacore.so 0x0
D/dalvikvm(  517): Added shared lib libjavacore.so 0x0
D/dalvikvm(  517): Trying to load lib libnativehelper.so 0x0
D/dalvikvm(  517): Added shared lib libnativehelper.so 0x0
D/dalvikvm(  517): No JNI_OnLoad found in libnativehelper.so 0x0, skipping init
D/dalvikvm(  517): Note: class Landroid/app/ActivityManagerNative; has 179 unimplemented (abstract) methods
D/libEGL  (  440): loaded /system/lib/egl/libEGL_adreno.so
D/dalvikvm(  286): GC_CONCURRENT freed 375K, 8% free 5503K/5948K, paused 1ms+2ms, total 33ms
D/        (  440): HostConnection::get() New Host Connection established 0xb7e39ed0, tid 440
D/libEGL  (  440): loaded /system/lib/egl/libGLESv1_CM_adreno.so
D/libEGL  (  440): loaded /system/lib/egl/libGLESv2_adreno.so
D/dalvikvm(  440): GC_CONCURRENT freed 225K, 7% free 4409K/4704K, paused 3ms+0ms, total 8ms
D/Launcher.Model(  440): 11683562 - loadWorkspaceScreensDb()
D/Launcher.Model(  440): 11683562 -   screens: { 0: 1 }
D/Launcher.Model(  440): 11683562 -   sBgWorkspaceScreens: 1
E/memtrack(  517): Couldn't load memtrack module (No such file or directory)
E/android.os.Debug(  517): failed to load memtrack module: -2
D/AndroidRuntime(  517): Calling main entry com.android.commands.am.Am
D/AndroidRuntime(  517): Shutting down VM
E/cutils-trace(  517): Error opening trace file: No such file or directory (2)
D/dalvikvm(  517): GC_CONCURRENT freed 96K, 15% free 588K/688K, paused 0ms+1ms, total 2ms
I/wpa_supplicant(  454): eth1: Trying to associate with 01:80:c2:00:00:03 (SSID='WiredSSID' freq=2412 MHz)
I/wpa_supplicant(  454): eth1: Associated with 01:80:c2:00:00:03
I/wpa_supplicant(  454): eth1: Cancelling authentication timeout
I/wpa_supplicant(  454): eth1: CTRL-EVENT-CONNECTED - Connection to 01:80:c2:00:00:03 completed (auth) [id=0 id_str=]
I/wpa_supplicant(  454): eth1: Associate with key management = 4 - comparing with WPA_NONE 16
I/wpa_supplicant(  454): eth1: Auth timeout 'coz 802.11, assoc_failed=0 ssid->mode=0
I/wpa_supplicant(  454): eth1: Setting authentication timeout: 10 sec 0 usec
W/EGL_emulation(  440): eglSurfaceAttrib not implemented 3093 12436
E/WifiStateMachine(  286): Unexpected BatchedScanResults :null
D/AndroidRuntime(  553): 
D/AndroidRuntime(  553): >>>>>> AndroidRuntime START com.android.internal.os.RuntimeInit <<<<<<
D/OpenGLRenderer(  440): Enabling debug mode 0
I/Choreographer(  440): Skipped 57 frames!  The application may be doing too much work on its main thread.
I/ActivityManager(  286): Displayed com.vphone.launcher/.Launcher: +2s820ms
V/WebViewChromium(  440): Binding Chromium to the background looper Looper (main, tid 1) {4a7d7360}
I/chromium(  440): [INFO:library_loader_hooks.cc(112)] Chromium logging enabled: level = 0, default verbosity = 0
I/BrowserProcessMain(  440): Initializing chromium process, renderers=0
D/AndroidRuntime(  553): CheckJNI is OFF
D/dalvikvm(  553): Using executionMode 2
D/dalvikvm(  553): Trying to load lib libjavacore.so 0x0
D/dalvikvm(  553): Added shared lib libjavacore.so 0x0
D/dalvikvm(  553): Trying to load lib libnativehelper.so 0x0
D/dalvikvm(  553): Added shared lib libnativehelper.so 0x0
D/dalvikvm(  553): No JNI_OnLoad found in libnativehelper.so 0x0, skipping init
D/dalvikvm(  553): Note: class Landroid/app/ActivityManagerNative; has 179 unimplemented (abstract) methods
W/chromium(  440): [WARNING:proxy_service.cc(888)] PAC support disabled because there is no system implementation
E/memtrack(  553): Couldn't load memtrack module (No such file or directory)
E/android.os.Debug(  553): failed to load memtrack module: -2
D/WifiStateMachine(  286): VerifyingLinkState enter
D/WifiStateMachine(  286): VerifyingLinkState GOOD_LINK_DETECTED: transition to captive portal check
D/WifiStateMachine(  286): CaptivePortalCheckState enter
D/WifiStateMachine(  286): CaptivePortalCheckState CMD_CAPTIVE_CHECK_COMPLETE
D/ConnectivityService(  286): Captive portal check NetworkInfo: type: WIFI[], state: CONNECTING/CAPTIVE_PORTAL_CHECK, reason: (unspecified), extra: "AndroidAP", roaming: false, failover: false, isAvailable: true, isConnectedToProvisioningNetwork: false
D/ConnectivityService(  286): handleCaptivePortalTrackerCheck: call captivePortalCheckComplete ni=NetworkInfo: type: WIFI[], state: CONNECTING/CAPTIVE_PORTAL_CHECK, reason: (unspecified), extra: "AndroidAP", roaming: false, failover: false, isAvailable: true, isConnectedToProvisioningNetwork: false
D/AndroidRuntime(  553): Calling main entry com.android.commands.pm.Pm
D/ConnectivityService(  286): ConnectivityChange for WIFI: CONNECTED/CONNECTED
E/ConnectivityService(  286): Unexpected mtu value: android.net.wifi.WifiStateTracker@4a8e0ac4
D/ConnectivityService(  286): sending Proxy Broadcast for [10.70.3.155] 8888 xl=
D/AndroidRuntime(  553): Shutting down VM
E/cutils-trace(  553): Error opening trace file: No such file or directory (2)
D/dalvikvm(  553): GC_CONCURRENT freed 156K, 22% free 566K/724K, paused 0ms+0ms, total 2ms
D/dalvikvm(  440): GC_CONCURRENT freed 309K, 8% free 4568K/4936K, paused 1ms+0ms, total 11ms
D/dalvikvm(  440): WAIT_FOR_CONCURRENT_GC blocked 4ms
I/dalvikvm-heap(  440): Grow heap (frag case) to 5.121MB for 635808-byte allocation
D/Nat464Xlat(  286): requiresClat: netType=1, hasIPv4Address=true
D/dalvikvm(  440): GC_FOR_ALLOC freed 15K, 7% free 5173K/5560K, paused 8ms, total 8ms
D/dalvikvm(  440): GC_CONCURRENT freed 1K, 7% free 5173K/5560K, paused 0ms+1ms, total 7ms
E/TelephonyProvider(  427): Failed setting numeric '460070' to the current operator
D/Launcher(  440): 11683562 - bindAddScreens()
D/Launcher(  440): 11683562 -   orderedScreenIds: 1
D/Launcher.Workspace(  440): 11683562 - insertNewWorkspaceScreen(): 1 at index: 0
D/EventBus(  440): No subscribers registered for event class com.vphone.launcher.game.event.RankEvent
D/EventBus(  440): No subscribers registered for event class org.greenrobot.eventbus.NoSubscriberEvent
D/dalvikvm(  440): GC_CONCURRENT freed 1247K, 22% free 4726K/6008K, paused 3ms+5ms, total 18ms
D/dalvikvm(  440): WAIT_FOR_CONCURRENT_GC blocked 1ms
D/dalvikvm(  440): WAIT_FOR_CONCURRENT_GC blocked 2ms
D/Sensors (  286): Client connection accepted (170)
I/SurfaceFlinger(  167): Boot is finished (15585 ms)
D/BluetoothManagerService(  286): Retrieving Bluetooth Adapter name and address...
D/BluetoothManagerService(  286): getNameAndAddress(): mBluetooth = null mBinding = false
D/BluetoothManagerService(  286): Message: 200
D/BluetoothManagerService(  286): MESSAGE_GET_NAME_AND_ADDRESS
D/BluetoothManagerService(  286): Binding to service to get name and address
E/BluetoothManagerService(  286): Fail to bind to: Intent { act=android.bluetooth.IBluetooth }
E/BluetoothHeadset(  286): Could not bind to Bluetooth Headset Service with Intent { act=android.bluetooth.IBluetoothHeadset }
E/BluetoothA2dp(  286): Could not bind to Bluetooth A2DP Service with Intent { act=android.bluetooth.IBluetoothA2dp }
D/BluetoothManagerService(  286): Message: 20
D/BluetoothManagerService(  286): Added callback: android.bluetooth.BluetoothAdapter$1@4a908f7c:true
D/BluetoothManagerService(  286): Message: 30
D/BluetoothManagerService(  286): Message: 30
V/WiredAccessoryManager(  286): init()
V/RenderScript(  440): 0xb7eb3200 Launching thread(s), CPUs 2
I/RecoverySystem(  286): No recovery log file
I/BootReceiver(  286): Copying audit failures to DropBox
I/BootReceiver(  286): Checking for fsck errors
I/ActivityManager(  286): Start proc com.android.providers.calendar for broadcast com.android.providers.calendar/.CalendarReceiver: pid=621 uid=10001 gids={50001, 3003, 1028, 1015, 1023}
I/dalvikvm(  621): ignoring registerObject request in thread=1
I/dalvikvm(  621): ignoring registerObject request in thread=1
D/AndroidRuntime(  613): 
D/AndroidRuntime(  613): >>>>>> AndroidRuntime START com.android.internal.os.RuntimeInit <<<<<<
I/ActivityManager(  286): Start proc android.process.media for content provider com.android.providers.downloads/.DownloadProvider: pid=635 uid=10004 gids={50004, 1028, 1015, 1023, 1024, 2001, 3003, 3007}
D/dalvikvm(  440): GC_CONCURRENT freed 525K, 22% free 4714K/6008K, paused 2ms+2ms, total 28ms
I/dalvikvm(  635): ignoring registerObject request in thread=1
I/dalvikvm(  635): ignoring registerObject request in thread=1
D/PhoneStatusBar(  341): disable: < EXPAND icons alerts TICKER system_info BACK HOME RECENT CLOCK* SEARCH >
I/PowerManagerService(  286): Boot animation finished.
I/CalendarProvider2(  621): Created com.android.providers.calendar.CalendarAlarmManager@4a7e58b8(com.android.providers.calendar.CalendarProvider2@4a7e17a0)
D/AndroidRuntime(  613): CheckJNI is OFF
D/dalvikvm(  613): Using executionMode 2
D/dalvikvm(  613): Trying to load lib libjavacore.so 0x0
D/dalvikvm(  613): Added shared lib libjavacore.so 0x0
D/dalvikvm(  613): Trying to load lib libnativehelper.so 0x0
D/dalvikvm(  613): Added shared lib libnativehelper.so 0x0
D/dalvikvm(  613): No JNI_OnLoad found in libnativehelper.so 0x0, skipping init
D/dalvikvm(  613): Note: class Landroid/app/ActivityManagerNative; has 179 unimplemented (abstract) methods
I/ActivityManager(  286): Start proc com.android.onetimeinitializer for broadcast com.android.onetimeinitializer/.OneTimeInitializerReceiver: pid=687 uid=10007 gids={50007}
I/dalvikvm(  687): ignoring registerObject request in thread=1
I/dalvikvm(  687): ignoring registerObject request in thread=1
W/MessageQueue(  635): Handler (android.os.Handler) {4a7f43f0} sending message to a Handler on a dead thread
W/MessageQueue(  635): java.lang.RuntimeException: Handler (android.os.Handler) {4a7f43f0} sending message to a Handler on a dead thread
W/MessageQueue(  635): 	at android.os.MessageQueue.enqueueMessage(MessageQueue.java:320)
W/MessageQueue(  635): 	at android.os.Handler.enqueueMessage(Handler.java:626)
W/MessageQueue(  635): 	at android.os.Handler.sendMessageAtTime(Handler.java:595)
W/MessageQueue(  635): 	at android.os.Handler.sendMessageDelayed(Handler.java:566)
W/MessageQueue(  635): 	at android.os.Handler.sendMessage(Handler.java:503)
W/MessageQueue(  635): 	at android.os.Message.sendToTarget(Message.java:360)
W/MessageQueue(  635): 	at com.android.providers.downloads.DownloadService.enqueueUpdate(DownloadService.java:203)
W/MessageQueue(  635): 	at com.android.providers.downloads.DownloadService.access$000(DownloadService.java:71)
W/MessageQueue(  635): 	at com.android.providers.downloads.DownloadService$DownloadManagerContentObserver.onChange(DownloadService.java:130)
W/MessageQueue(  635): 	at android.database.ContentObserver.onChange(ContentObserver.java:129)
W/MessageQueue(  635): 	at android.database.ContentObserver$NotificationRunnable.run(ContentObserver.java:180)
W/MessageQueue(  635): 	at android.os.Handler.handleCallback(Handler.java:733)
W/MessageQueue(  635): 	at android.os.Handler.dispatchMessage(Handler.java:95)
W/MessageQueue(  635): 	at android.os.Looper.loop(Looper.java:136)
W/MessageQueue(  635): 	at android.app.ActivityThread.main(ActivityThread.java:5019)
W/MessageQueue(  635): 	at java.lang.reflect.Method.invokeNative(Native Method)
W/MessageQueue(  635): 	at java.lang.reflect.Method.invoke(Method.java:515)
W/MessageQueue(  635): 	at com.android.internal.os.ZygoteInit$MethodAndArgsCaller.run(ZygoteInit.java:779)
W/MessageQueue(  635): 	at com.android.internal.os.ZygoteInit.main(ZygoteInit.java:595)
W/MessageQueue(  635): 	at dalvik.system.NativeStart.main(Native Method)
D/dalvikvm(  168): GC_EXPLICIT freed 37K, 4% free 2843K/2940K, paused 1ms+1ms, total 22ms
D/dalvikvm(  168): GC_EXPLICIT freed <1K, 4% free 2843K/2940K, paused 0ms+0ms, total 6ms
V/OneTimeInitializerRece(  687): OneTimeInitializerReceiver.onReceive
D/dalvikvm(  168): GC_EXPLICIT freed <1K, 4% free 2843K/2940K, paused 0ms+1ms, total 8ms
E/memtrack(  613): Couldn't load memtrack module (No such file or directory)
E/android.os.Debug(  613): failed to load memtrack module: -2
I/dalvikvm(  700): ignoring registerObject request in thread=1
I/dalvikvm(  700): ignoring registerObject request in thread=1
I/ActivityManager(  286): Start proc com.bignox.app.store.hd for broadcast com.bignox.app.store.hd/.providers.downloads.DownloadReceiver: pid=700 uid=1000 gids={41000, 3003, 1028, 1015, 1023, 1007, 3002, 3001}
D/AndroidRuntime(  613): Calling main entry com.android.commands.pm.Pm
D/AndroidRuntime(  613): Shutting down VM
E/cutils-trace(  613): Error opening trace file: No such file or directory (2)
D/dalvikvm(  613): GC_CONCURRENT freed 156K, 23% free 566K/728K, paused 0ms+0ms, total 1ms
D/dalvikvm(  635): JIT code cache reset in 0 ms (0 bytes 1/0)
D/dalvikvm(  635): GC_CONCURRENT freed 237K, 9% free 2993K/3288K, paused 1ms+1ms, total 6ms
E/NOX     (   71): recv() error
D/NOX     (   71): Socket read error
D/dalvikvm(  635): GC_CONCURRENT freed 227K, 9% free 3154K/3440K, paused 1ms+1ms, total 8ms
D/AndroidRuntime(  714): 
D/AndroidRuntime(  714): >>>>>> AndroidRuntime START com.android.internal.os.RuntimeInit <<<<<<
I/AudioMixer(  170): found effect "Multichannel Downmix To Stereo" from The Android Open Source Project
D/dalvikvm(  700): No JNI_OnLoad found in /system/lib/libxl_thunder_sdk.so 0x94fb0010, skipping init
I/CalendarProvider2(  621): Sending notification intent: Intent { act=android.intent.action.PROVIDER_CHANGED dat=content://com.android.calendar }
W/ContentResolver(  621): Failed to get type for: content://com.android.calendar (Unknown URL content://com.android.calendar)
D/dalvikvm(  700): No JNI_OnLoad found in /system/lib/libvphone_xl_thunder_iface.so 0x94fb0010, skipping init
I/XLUtil  (  700): loadAndParseFile start
I/XLUtil  (  700): loadAndParseFile end
I/XLDownloadManager(  700): Peerid:MDBFMDRDMzY5N0I4MDBYWQ==
I/XLDownloadManager(  700): Guid:ODYzMjU0MDEwMDAyMjQzXzAwRTA0QzM2OTdCOA==
D/AndroidRuntime(  714): CheckJNI is OFF
D/dalvikvm(  714): Using executionMode 2
D/dalvikvm(  714): Trying to load lib libjavacore.so 0x0
D/dalvikvm(  714): Added shared lib libjavacore.so 0x0
D/dalvikvm(  714): Trying to load lib libnativehelper.so 0x0
D/dalvikvm(  714): Added shared lib libnativehelper.so 0x0
D/dalvikvm(  714): No JNI_OnLoad found in libnativehelper.so 0x0, skipping init
D/dalvikvm(  714): Note: class Landroid/app/ActivityManagerNative; has 179 unimplemented (abstract) methods
I/XLDownloadManager(  700): doMonitorNetworkChange()
I/XLDownloadManager(  700): register Receiver
D/dalvikvm(  635): GC_CONCURRENT freed 362K, 12% free 3179K/3600K, paused 1ms+1ms, total 14ms
E/memtrack(  714): Couldn't load memtrack module (No such file or directory)
E/android.os.Debug(  714): failed to load memtrack module: -2
D/dalvikvm(  700): GC_CONCURRENT freed 207K, 9% free 3077K/3348K, paused 2ms+1ms, total 9ms
D/AndroidRuntime(  714): Calling main entry com.android.commands.pm.Pm
D/AndroidRuntime(  714): Shutting down VM
E/cutils-trace(  714): Error opening trace file: No such file or directory (2)
D/dalvikvm(  714): GC_CONCURRENT freed 156K, 23% free 566K/728K, paused 0ms+0ms, total 1ms
W/ActivityThread(  700): ClassLoader.loadClass: The class loader returned by Thread.getContextClassLoader() may fail for processes that host multiple applications. You should explicitly specify a context class loader. For example: Thread.setContextClassLoader(getClass().getClassLoader());
D/dalvikvm(  700): GC_CONCURRENT freed 298K, 11% free 3204K/3564K, paused 1ms+2ms, total 9ms
D/Volley  (  700): [1] DiskBasedCache.clear: Cache cleared.
W/ContextImpl(  700): Calling a method in the system process without a qualified user: android.app.ContextImpl.startService:1492 android.content.ContextWrapper.startService:494 com.bignox.app.store.hd.StoreApplication.onCreate:97 android.app.Instrumentation.callApplicationOnCreate:1024 android.app.ActivityThread.handleBindApplication:4346 
I/HttpDnsSDK(  700): HttpDnsThreadFactory create a new thread, name: Thread-58
I/HttpDnsSDK(  700): HttpDnsThreadFactory create a new thread, name: Thread-59
I/HttpDnsSDK(  700): HttpDnsThreadFactory create a new thread, name: Thread-60
W/ContextImpl(  700): Calling a method in the system process without a qualified user: android.app.ContextImpl.startService:1492 android.content.ContextWrapper.startService:494 android.content.ContextWrapper.startService:494 com.bignox.app.store.hd.providers.downloads.DownloadReceiver.startService:188 com.bignox.app.store.hd.providers.downloads.DownloadReceiver.onReceive:48 
W/ContextImpl(  440): Calling a method in the system process without a qualified user: android.app.ContextImpl.startService:1492 android.content.ContextWrapper.startService:494 android.content.ContextWrapper.startService:494 com.vphone.launcher.providers.downloads.DownloadReceiver.a:188 com.vphone.launcher.providers.downloads.DownloadReceiver.onReceive:48 
D/dalvikvm(  286): GC_CONCURRENT freed 459K, 9% free 5599K/6124K, paused 1ms+5ms, total 21ms
D/Event   (  700): No subscribers registered for event class com.bignox.app.store.hd.model.Game
D/Event   (  700): No subscribers registered for event class de.greenrobot.event.NoSubscriberEvent
D/Event   (  700): No subscribers registered for event class com.bignox.app.store.hd.model.Game
D/Event   (  700): No subscribers registered for event class de.greenrobot.event.NoSubscriberEvent
D/Event   (  700): No subscribers registered for event class com.bignox.app.store.hd.model.Game
D/Event   (  700): No subscribers registered for event class de.greenrobot.event.NoSubscriberEvent
I/com.bignox.app.store.hd.repositories.AppRepository(  700): delete app by package url :com.bignox.app.store.hd
D/dalvikvm(  700): GC_CONCURRENT freed 189K, 7% free 3458K/3712K, paused 1ms+1ms, total 10ms
D/Event   (  700): No subscribers registered for event class com.bignox.app.store.hd.providers.downloads.CountEvent
D/Event   (  700): No subscribers registered for event class de.greenrobot.event.NoSubscriberEvent
D/Event   (  700): No subscribers registered for event class com.bignox.app.store.hd.model.Game
D/Event   (  700): No subscribers registered for event class de.greenrobot.event.NoSubscriberEvent
D/HttpDnsSDK(  700): 57 - VMStack.java:-2 - [getThreadStackTrace] - stat: XJDUS8aG82cDALKWYBLwP9eX
D/Event   (  700): No subscribers registered for event class com.bignox.app.store.hd.providers.downloads.CountEvent
D/Event   (  700): No subscribers registered for event class de.greenrobot.event.NoSubscriberEvent
D/Event   (  700): No subscribers registered for event class com.bignox.app.store.hd.model.Game
D/Event   (  700): No subscribers registered for event class de.greenrobot.event.NoSubscriberEvent
D/Event   (  700): No subscribers registered for event class com.bignox.app.store.hd.providers.downloads.CountEvent
D/Event   (  700): No subscribers registered for event class de.greenrobot.event.NoSubscriberEvent
W/ContextImpl(  700): Calling a method in the system process without a qualified user: android.app.ContextImpl.sendBroadcast:1123 android.content.ContextWrapper.sendBroadcast:365 com.bignox.app.store.hd.asynctask.InitPackageMapTask.onPostExecute:284 com.bignox.app.store.hd.asynctask.InitPackageMapTask.onPostExecute:32 android.os.AsyncTask.finish:632 
D/Event   (  700): No subscribers registered for event class com.bignox.app.store.hd.providers.downloads.CountEvent
D/Event   (  700): No subscribers registered for event class de.greenrobot.event.NoSubscriberEvent
D/dalvikvm(  700): GC_CONCURRENT freed 497K, 15% free 3363K/3924K, paused 18ms+0ms, total 24ms
D/NOX-AGPS(  767): 0|29056|23283(mnc=0, lac=29056, cid=23283) for lng=111.563583 & lat=33.001251 
D/AndroidRuntime(  771): 
D/AndroidRuntime(  771): >>>>>> AndroidRuntime START com.android.internal.os.RuntimeInit <<<<<<
D/AndroidRuntime(  771): CheckJNI is OFF
D/dalvikvm(  771): Using executionMode 2
D/dalvikvm(  771): Trying to load lib libjavacore.so 0x0
D/dalvikvm(  771): Added shared lib libjavacore.so 0x0
D/dalvikvm(  771): Trying to load lib libnativehelper.so 0x0
D/dalvikvm(  771): Added shared lib libnativehelper.so 0x0
D/dalvikvm(  771): No JNI_OnLoad found in libnativehelper.so 0x0, skipping init
D/dalvikvm(  771): Note: class Landroid/app/ActivityManagerNative; has 179 unimplemented (abstract) methods
E/memtrack(  771): Couldn't load memtrack module (No such file or directory)
E/android.os.Debug(  771): failed to load memtrack module: -2
D/AndroidRuntime(  771): Calling main entry com.android.commands.pm.Pm
D/AndroidRuntime(  771): Shutting down VM
E/cutils-trace(  771): Error opening trace file: No such file or directory (2)
D/dalvikvm(  771): GC_CONCURRENT freed 156K, 23% free 566K/728K, paused 0ms+1ms, total 2ms
D/Tethering(  286): MasterInitialState.processMessage what=3
D/HttpDnsSDK(  700): 1 - VMStack.java:-2 - [getThreadStackTrace] - [detectCurrentNetwork] - Network name:WIFI subType name: 
D/HttpDnsSDK(  700): 1 - VMStack.java:-2 - [getThreadStackTrace] - [BroadcastReceiver.onReceive] - Network state changed
D/HttpDnsSDK(  700): 1 - VMStack.java:-2 - [getThreadStackTrace] - [BroadcastReceiver.onReceive] - refresh host
D/CaptivePortalTracker(  286): NoActiveNetworkState{ when=0 what=1 obj=NetworkInfo: type: WIFI[], state: CONNECTED/CONNECTED, reason: (unspecified), extra: "AndroidAP", roaming: false, failover: false, isAvailable: true, isConnectedToProvisioningNetwork: false target=com.android.internal.util.StateMachine$SmHandler }
D/XLDownloadManager(  700): NetworkChangeHandlerThread nettype=9
D/XLDownloadManager(  700): NetworkChangeHandlerThread bssid=00:E0:4C:36:97:B8
W/ContextImpl(  700): Calling a method in the system process without a qualified user: android.app.ContextImpl.startService:1492 android.content.ContextWrapper.startService:494 android.content.ContextWrapper.startService:494 com.bignox.app.store.hd.providers.downloads.DownloadReceiver.startService:188 com.bignox.app.store.hd.providers.downloads.DownloadReceiver.onReceive:53 
W/ContextImpl(  440): Calling a method in the system process without a qualified user: android.app.ContextImpl.startService:1492 android.content.ContextWrapper.startService:494 android.content.ContextWrapper.startService:494 com.vphone.launcher.providers.downloads.DownloadReceiver.a:188 com.vphone.launcher.providers.downloads.DownloadReceiver.onReceive:53 
D/Event   (  700): No subscribers registered for event class com.bignox.app.store.hd.providers.downloads.CountEvent
D/Event   (  700): No subscribers registered for event class de.greenrobot.event.NoSubscriberEvent
D/        (  286): Setting time of day to sec=1554016300
D/AndroidRuntime(  794): 
D/AndroidRuntime(  794): >>>>>> AndroidRuntime START com.android.internal.os.RuntimeInit <<<<<<
D/AndroidRuntime(  794): CheckJNI is OFF
D/dalvikvm(  794): Using executionMode 2
D/dalvikvm(  794): Trying to load lib libjavacore.so 0x0
D/dalvikvm(  794): Added shared lib libjavacore.so 0x0
D/dalvikvm(  794): Trying to load lib libnativehelper.so 0x0
D/dalvikvm(  794): Added shared lib libnativehelper.so 0x0
D/dalvikvm(  794): No JNI_OnLoad found in libnativehelper.so 0x0, skipping init
D/dalvikvm(  794): Note: class Landroid/app/ActivityManagerNative; has 179 unimplemented (abstract) methods
E/memtrack(  794): Couldn't load memtrack module (No such file or directory)
E/android.os.Debug(  794): failed to load memtrack module: -2
D/AndroidRuntime(  794): Calling main entry com.android.commands.am.Am
I/dalvikvm(  440): Could not find method android.app.ActivityManager.removeTask, referenced from method com.vphone.launcher.service.CommonService.a
W/dalvikvm(  440): VFY: unable to resolve virtual method 522: Landroid/app/ActivityManager;.removeTask (I)Z
D/dalvikvm(  440): VFY: replacing opcode 0x6e at 0x0066
D/AndroidRuntime(  794): Shutting down VM
E/cutils-trace(  794): Error opening trace file: No such file or directory (2)
D/dalvikvm(  794): GC_CONCURRENT freed 96K, 15% free 585K/684K, paused 0ms+0ms, total 1ms
I/dalvikvm(  809): ignoring registerObject request in thread=1
I/dalvikvm(  809): ignoring registerObject request in thread=1
I/ActivityManager(  286): Start proc com.lemon.lemonban for broadcast com.lemon.lemonban/com.igexin.sdk.PushReceiver: pid=809 uid=10031 gids={50031, 3003, 1028, 1015, 1023, 3002, 3001}
D/PhoneStatusBar(  341): disable: < expand* icons alerts ticker* system_info back* home* recent* clock* search* >
W/ContextImpl(  286): Calling a method in the system process without a qualified user: android.app.ContextImpl.sendBroadcast:1123 com.android.server.InputMethodManagerService.hideCurrentInputLocked:1880 com.android.server.InputMethodManagerService.windowGainedFocus:1968 com.android.internal.view.IInputMethodManager$Stub.onTransact:221 com.android.server.InputMethodManagerService.onTransact:818 
D/AndroidRuntime(  821): 
D/AndroidRuntime(  821): >>>>>> AndroidRuntime START com.android.internal.os.RuntimeInit <<<<<<
I/dalvikvm(  809): Could not find method android.view.ViewGroup.<init>, referenced from method com.scwang.smartrefresh.layout.SmartRefreshLayout.<init>
W/dalvikvm(  809): VFY: unable to resolve direct method 21745: Landroid/view/ViewGroup;.<init> (Landroid/content/Context;Landroid/util/AttributeSet;II)V
D/dalvikvm(  809): VFY: replacing opcode 0x70 at 0x0007
W/dalvikvm(  440): VFY: unable to find class referenced in signature (Ljava/nio/file/Path;)
W/dalvikvm(  440): VFY: unable to find class referenced in signature ([Ljava/nio/file/OpenOption;)
I/dalvikvm(  440): Could not find method java.nio.file.Files.newOutputStream, referenced from method okio.Okio.sink
W/dalvikvm(  440): VFY: unable to resolve static method 45304: Ljava/nio/file/Files;.newOutputStream (Ljava/nio/file/Path;[Ljava/nio/file/OpenOption;)Ljava/io/OutputStream;
D/dalvikvm(  440): VFY: replacing opcode 0x71 at 0x000a
W/dalvikvm(  440): VFY: unable to find class referenced in signature (Ljava/nio/file/Path;)
W/dalvikvm(  440): VFY: unable to find class referenced in signature ([Ljava/nio/file/OpenOption;)
I/dalvikvm(  440): Could not find method java.nio.file.Files.newInputStream, referenced from method okio.Okio.source
W/dalvikvm(  440): VFY: unable to resolve static method 45303: Ljava/nio/file/Files;.newInputStream (Ljava/nio/file/Path;[Ljava/nio/file/OpenOption;)Ljava/io/InputStream;
D/dalvikvm(  440): VFY: replacing opcode 0x71 at 0x000a
D/AndroidRuntime(  821): CheckJNI is OFF
D/dalvikvm(  821): Using executionMode 2
D/dalvikvm(  821): Trying to load lib libjavacore.so 0x0
D/dalvikvm(  821): Added shared lib libjavacore.so 0x0
D/dalvikvm(  821): Trying to load lib libnativehelper.so 0x0
D/dalvikvm(  821): Added shared lib libnativehelper.so 0x0
D/dalvikvm(  821): No JNI_OnLoad found in libnativehelper.so 0x0, skipping init
D/dalvikvm(  821): Note: class Landroid/app/ActivityManagerNative; has 179 unimplemented (abstract) methods
D/Volley  (  440): [47] BasicNetwork.a: HTTP response for request=<[ ] http://api.bignox.com/api/launcher/app/whitelist 0x7621e53e NORMAL 2> [lifetime=5143], [size=4697], [rc=200], [retryCount=0]
D/Volley  (  440): [49] BasicNetwork.a: HTTP response for request=<[ ] http://launcher.yeshen.com/api/ext/cl/right/list 0xa334836b NORMAL 4> [lifetime=5106], [size=189], [rc=200], [retryCount=0]
D/Volley  (  440): [46] BasicNetwork.a: HTTP response for request=<[ ] http://launcher.yeshen.com/api/ext/cl/content/list 0xa334836b NORMAL 5> [lifetime=5096], [size=293], [rc=200], [retryCount=0]
D/Volley  (  440): [48] BasicNetwork.a: HTTP response for request=<[ ] http://launcher.yeshen.com/api/ext/client/configs 0xa334836b NORMAL 3> [lifetime=5127], [size=422], [rc=200], [retryCount=0]
I/dalvikvm(  836): ignoring registerObject request in thread=1
I/dalvikvm(  836): ignoring registerObject request in thread=1
I/ActivityManager(  286): Start proc com.lemon.lemonban:pushservice for service com.lemon.lemonban/.service.LemonPushService: pid=836 uid=10031 gids={50031, 3003, 1028, 1015, 1023, 3002, 3001}
I/dalvikvm(  836): Could not find method android.view.ViewGroup.<init>, referenced from method com.scwang.smartrefresh.layout.SmartRefreshLayout.<init>
W/dalvikvm(  836): VFY: unable to resolve direct method 21745: Landroid/view/ViewGroup;.<init> (Landroid/content/Context;Landroid/util/AttributeSet;II)V
D/dalvikvm(  836): VFY: replacing opcode 0x70 at 0x0007
D/dalvikvm(  440): GC_CONCURRENT freed 366K, 18% free 4942K/6008K, paused 4ms+22ms, total 48ms
W/ContextImpl(  440): Calling a method in the system process without a qualified user: android.app.ContextImpl.sendBroadcast:1123 android.content.ContextWrapper.sendBroadcast:365 com.vphone.launcher.Hotseat$19.a:640 com.vphone.launcher.Hotseat$19.onResponse:629 com.vphone.launcher.network.GsonRequest.deliverResponse:52 
I/Process (  836): Sending signal. PID: 836 SIG: 9
I/ActivityManager(  286): Process com.lemon.lemonban:pushservice (pid 836) has died.
W/DebugConnManager(  440): getNetworkInfo() on networkType 1
D/dalvikvm(  440): GC_CONCURRENT freed 545K, 16% free 5073K/6008K, paused 3ms+2ms, total 20ms
E/memtrack(  821): Couldn't load memtrack module (No such file or directory)
E/android.os.Debug(  821): failed to load memtrack module: -2
D/AndroidRuntime(  821): Calling main entry com.android.commands.pm.Pm
D/AndroidRuntime(  821): Shutting down VM
E/cutils-trace(  821): Error opening trace file: No such file or directory (2)
D/dalvikvm(  821): GC_CONCURRENT freed 153K, 22% free 567K/724K, paused 0ms+0ms, total 2ms
D/su      (  858): su invoked.
D/su      (  858): starting daemon client 0 0
D/su      (  860): remote pid: 858
D/su      (  860): remote pts_slave: 
D/su      (  860): waiting for child exit
D/su      (  862): su invoked.
D/su      (  862): Allowing root/system/radio.
D/su      (  862): 0 /system/bin/mksh executing 0 umount /mnt/sdcard/BigNoxGameHD using binary /system/bin/sh : sh -c umount /mnt/sdcard/BigNoxGameHD
D/su      (  860): sending code
D/su      (  860): child exited
D/su      (  858): client exited 1
D/su      (  865): su invoked.
D/su      (  865): starting daemon client 0 0
D/su      (  867): remote pid: 865
D/su      (  867): remote pts_slave: 
D/su      (  867): waiting for child exit
D/su      (  869): su invoked.
D/su      (  869): Allowing root/system/radio.
D/su      (  869): 0 /system/bin/mksh executing 0 mkdir -p /mnt/sdcard/BigNoxGameHD using binary /system/bin/sh : sh -c mkdir -p /mnt/sdcard/BigNoxGameHD
D/su      (  867): sending code
D/su      (  867): child exited
D/su      (  865): client exited 0
D/su      (  872): su invoked.
D/su      (  872): starting daemon client 0 0
D/su      (  874): remote pid: 872
D/su      (  874): remote pts_slave: 
D/su      (  874): waiting for child exit
D/su      (  876): su invoked.
D/su      (  876): Allowing root/system/radio.
D/su      (  876): 0 /system/bin/mksh executing 0 mount.vboxsf -o rw,uid=0,gid=1028 App /mnt/sdcard/BigNoxGameHD using binary /system/bin/sh : sh -c mount.vboxsf -o rw,uid=0,gid=1028 App /mnt/sdcard/BigNoxGameHD
D/su      (  874): sending code
D/su      (  874): child exited
D/su      (  872): client exited 0
D/su      (  880): su invoked.
D/su      (  880): starting daemon client 0 0
D/su      (  882): remote pid: 880
D/su      (  882): remote pts_slave: 
D/su      (  882): waiting for child exit
D/su      (  884): su invoked.
D/su      (  884): Allowing root/system/radio.
D/su      (  884): 0 /system/bin/mksh executing 0 umount /mnt/sdcard/Pictures/Screenshots/img using binary /system/bin/sh : sh -c umount /mnt/sdcard/Pictures/Screenshots/img
D/su      (  882): sending code
D/su      (  882): child exited
D/su      (  880): client exited 1
D/su      (  887): su invoked.
D/su      (  887): starting daemon client 0 0
D/su      (  889): remote pid: 887
D/su      (  889): remote pts_slave: 
D/su      (  889): waiting for child exit
D/su      (  891): su invoked.
D/su      (  891): Allowing root/system/radio.
D/su      (  891): 0 /system/bin/mksh executing 0 mkdir -p /mnt/sdcard/Pictures/Screenshots/img using binary /system/bin/sh : sh -c mkdir -p /mnt/sdcard/Pictures/Screenshots/img
D/su      (  889): sending code
D/su      (  889): child exited
D/su      (  887): client exited 0
D/su      (  894): su invoked.
D/su      (  894): starting daemon client 0 0
D/su      (  896): remote pid: 894
D/su      (  896): remote pts_slave: 
D/su      (  896): waiting for child exit
D/su      (  898): su invoked.
D/su      (  898): Allowing root/system/radio.
D/su      (  898): 0 /system/bin/mksh executing 0 mount.vboxsf -o rw,uid=0,gid=1028 Image /mnt/sdcard/Pictures/Screenshots/img using binary /system/bin/sh : sh -c mount.vboxsf -o rw,uid=0,gid=1028 Image /mnt/sdcard/Pictures/Screenshots/img
D/su      (  896): sending code
D/su      (  896): child exited
D/su      (  894): client exited 0
D/su      (  902): su invoked.
D/su      (  902): starting daemon client 0 0
D/su      (  904): remote pid: 902
D/su      (  904): remote pts_slave: 
D/su      (  904): waiting for child exit
D/su      (  906): su invoked.
D/su      (  906): Allowing root/system/radio.
D/su      (  906): 0 /system/bin/mksh executing 0 umount /mnt/sdcard/Download/other using binary /system/bin/sh : sh -c umount /mnt/sdcard/Download/other
D/su      (  904): sending code
D/su      (  904): child exited
D/su      (  902): client exited 1
D/su      (  909): su invoked.
D/su      (  909): starting daemon client 0 0
D/su      (  911): remote pid: 909
D/su      (  911): remote pts_slave: 
D/su      (  911): waiting for child exit
D/su      (  913): su invoked.
D/su      (  913): Allowing root/system/radio.
D/su      (  913): 0 /system/bin/mksh executing 0 mkdir -p /mnt/sdcard/Download/other using binary /system/bin/sh : sh -c mkdir -p /mnt/sdcard/Download/other
D/su      (  911): sending code
D/su      (  911): child exited
D/su      (  909): client exited 0
D/su      (  916): su invoked.
D/su      (  916): starting daemon client 0 0
D/su      (  918): remote pid: 916
D/su      (  918): remote pts_slave: 
D/su      (  918): waiting for child exit
D/su      (  920): su invoked.
D/su      (  920): Allowing root/system/radio.
D/su      (  920): 0 /system/bin/mksh executing 0 mount.vboxsf -o rw,uid=0,gid=1028 Other /mnt/sdcard/Download/other using binary /system/bin/sh : sh -c mount.vboxsf -o rw,uid=0,gid=1028 Other /mnt/sdcard/Download/other
D/su      (  918): sending code
D/su      (  918): child exited
D/su      (  916): client exited 0
D/su      (  924): su invoked.
D/su      (  924): starting daemon client 0 0
D/su      (  926): remote pid: 924
D/su      (  926): remote pts_slave: 
D/su      (  926): waiting for child exit
D/su      (  928): su invoked.
D/su      (  928): Allowing root/system/radio.
D/su      (  928): 0 /system/bin/mksh executing 0 cp -rf /mnt/shared/Image/*.* /mnt/sdcard/Pictures/Screenshots using binary /system/bin/sh : sh -c cp -rf /mnt/shared/Image/*.* /mnt/sdcard/Pictures/Screenshots
D/su      (  926): sending code
D/su      (  926): child exited
D/su      (  924): client exited 1
D/dalvikvm(  440): GC_FOR_ALLOC freed 441K, 16% free 5050K/6008K, paused 7ms, total 8ms
I/dalvikvm-heap(  440): Grow heap (frag case) to 5.592MB for 635808-byte allocation
D/dalvikvm(  440): GC_FOR_ALLOC freed 6K, 15% free 5665K/6632K, paused 8ms, total 8ms
I/dalvikvm(  440): Could not find method android.widget.LinearLayout.<init>, referenced from method com.bigkoo.convenientbanner.ConvenientBanner.<init>
