W/PackageManager(  286): Unknown permission org.adwfreak.launcher.permission.READ_SETTINGS in package com.tencent.mtt.x86
W/PackageManager(  286): Unknown permission org.adwfreak.launcher.permission.WRITE_SETTINGS in package com.tencent.mtt.x86
W/PackageManager(  286): Unknown permission org.adw.launcher_donut.permission.READ_SETTINGS in package com.tencent.mtt.x86
W/PackageManager(  286): Unknown permission org.adw.launcher_donut.permission.WRITE_SETTINGS in package com.tencent.mtt.x86
W/PackageManager(  286): Unknown permission com.tencent.qqlauncher.permission.READ_SETTINGS in package com.tencent.mtt.x86
W/PackageManager(  286): Unknown permission com.tencent.qqlauncher.permission.WRITE_SETTINGS in package com.tencent.mtt.x86
W/PackageManager(  286): Unknown permission com.android.mylauncher.permission.READ_SETTINGS in package com.tencent.mtt.x86
W/PackageManager(  286): Unknown permission com.android.mylauncher.permission.WRITE_SETTINGS in package com.tencent.mtt.x86
W/PackageManager(  286): Unknown permission com.huawei.launcher2.permission.READ_SETTINGS in package com.tencent.mtt.x86
W/PackageManager(  286): Unknown permission com.huawei.launcher2.permission.WRITE_SETTINGS in package com.tencent.mtt.x86
W/PackageManager(  286): Unknown permission com.huawei.launcher3.permission.READ_SETTINGS in package com.tencent.mtt.x86
W/PackageManager(  286): Unknown permission com.huawei.launcher3.permission.WRITE_SETTINGS in package com.tencent.mtt.x86
W/PackageManager(  286): Unknown permission net.qihoo.launcher.permission.READ_SETTINGS in package com.tencent.mtt.x86
W/PackageManager(  286): Unknown permission net.qihoo.launcher.permission.WRITE_SETTINGS in package com.tencent.mtt.x86
W/PackageManager(  286): Unknown permission com.dianxinos.dxhome.permission.READ_SETTINGS in package com.tencent.mtt.x86
W/PackageManager(  286): Unknown permission com.dianxinos.dxhome.permission.WRITE_SETTINGS in package com.tencent.mtt.x86
W/PackageManager(  286): Unknown permission com.huawei.android.launcher.permission.READ_SETTINGS in package com.tencent.mtt.x86
W/PackageManager(  286): Unknown permission com.huawei.android.launcher.permission.WRITE_SETTINGS in package com.tencent.mtt.x86
W/PackageManager(  286): Unknown permission com.qihoo360.launcher.permission.READ_SETTINGS in package com.tencent.mtt.x86
W/PackageManager(  286): Unknown permission com.qihoo360.launcher.permission.WRITE_SETTINGS in package com.tencent.mtt.x86
W/PackageManager(  286): Unknown permission com.oppo.launcher.permission.READ_SETTINGS in package com.tencent.mtt.x86
W/PackageManager(  286): Unknown permission com.oppo.launcher.permission.WRITE_SETTINGS in package com.tencent.mtt.x86
W/PackageManager(  286): Unknown permission com.ztemt.launcher.permission.READ_SETTINGS in package com.tencent.mtt.x86
W/PackageManager(  286): Unknown permission com.ztemt.launcher.permission.WRITE_SETTINGS in package com.tencent.mtt.x86
W/PackageManager(  286): Unknown permission com.lenovo.launcher.permission.READ_SETTINGS in package com.tencent.mtt.x86
W/PackageManager(  286): Unknown permission com.lenovo.launcher.permission.WRITE_SETTINGS in package com.tencent.mtt.x86
W/PackageManager(  286): Unknown permission com.android.launcher3.permission.READ_SETTINGS in package com.tencent.mtt.x86
W/PackageManager(  286): Unknown permission com.android.launcher3.permission.WRITE_SETTINGS in package com.tencent.mtt.x86
W/PackageManager(  286): Unknown permission com.moxiu.launcher.permission.READ_SETTINGS in package com.tencent.mtt.x86
W/PackageManager(  286): Unknown permission com.moxiu.launcher.permission.WRITE_SETTINGS in package com.tencent.mtt.x86
W/PackageManager(  286): Unknown permission com.iLoong.permission.READ_SETTINGS in package com.tencent.mtt.x86
W/PackageManager(  286): Unknown permission com.iLoong.permission.WRITE_SETTINGS in package com.tencent.mtt.x86
W/PackageManager(  286): Unknown permission telecom.mdesk.permission.READ_SETTINGS in package com.tencent.mtt.x86
W/PackageManager(  286): Unknown permission telecom.mdesk.permission.WRITE_SETTINGS in package com.tencent.mtt.x86
W/PackageManager(  286): Unknown permission com.tencent.tmsecurelite.permission.ACCESS_SERVICE in package com.tencent.mtt.x86
W/PackageManager(  286): Not granting permission android.permission.BIND_ACCESSIBILITY_SERVICE to package com.tencent.mtt.x86 (protectionLevel=2 flags=0x183e44)
W/PackageManager(  286): Unknown permission com.android.ContactWidget.permission.READ_SETTINGS in package com.tencent.mtt.x86
W/PackageManager(  286): Unknown permission com.android.ContactWidget.permission.WRITE_SETTINGS in package com.tencent.mtt.x86
W/PackageManager(  286): Not granting permission android.permission.INTERACT_ACROSS_USERS to package com.tencent.mtt.x86 (protectionLevel=50 flags=0x183e44)
W/PackageManager(  286): Not granting permission android.permission.INTERACT_ACROSS_USERS_FULL to package com.tencent.mtt.x86 (protectionLevel=2 flags=0x183e44)
W/PackageManager(  286): Not granting permission android.permission.MOUNT_UNMOUNT_FILESYSTEMS to package com.tencent.mtt.x86 (protectionLevel=18 flags=0x183e44)
W/PackageManager(  286): Unknown permission com.lenovo.launcher.permission.BADGE_READ in package com.tencent.mtt.x86
W/PackageManager(  286): Unknown permission com.lenovo.launcher.permission.BADGE_WRITE in package com.tencent.mtt.x86
W/PackageManager(  286): Unknown permission com.huawei.android.launcher.permission.CHANGE_BADGE in package com.tencent.mtt.x86
W/PackageManager(  286): Not granting permission android.permission.CHANGE_CONFIGURATION to package com.tencent.wstt.gt (protectionLevel=50 flags=0x2083e44)
W/PackageManager(  286): Not granting permission android.permission.MOUNT_UNMOUNT_FILESYSTEMS to package com.tencent.wstt.gt (protectionLevel=18 flags=0x2083e44)
W/PackageManager(  286): Not granting permission android.permission.BATTERY_STATS to package com.tencent.wstt.gt (protectionLevel=18 flags=0x2083e44)
W/PackageManager(  286): Unknown permission com.android.launcher.permission.READ_SETTINGS in package com.tencent.wstt.gt
W/PackageManager(  286): Unknown permission com.android.launcher.permission.WRITE_SETTINGS in package com.tencent.wstt.gt
W/PackageManager(  286): Not granting permission android.permission.SET_KEYBOARD_LAYOUT to package com.tencent.wstt.gt (protectionLevel=2 flags=0x2083e44)
W/PackageManager(  286): Unknown permission android.permission.WRITE_OWNER_DATA in package com.tencent.wstt.gt
W/PackageManager(  286): Unknown permission android.permission.READ_OWNER_DATA in package com.tencent.wstt.gt
W/PackageManager(  286): Not granting permission android.permission.READ_LOGS to package com.tencent.wstt.gt (protectionLevel=50 flags=0x2083e44)
W/PackageManager(  286): Not granting permission android.permission.ACCESS_CHECKIN_PROPERTIES to package com.tencent.wstt.gt (protectionLevel=18 flags=0x2083e44)
W/PackageManager(  286): Not granting permission android.permission.FACTORY_TEST to package com.tencent.wstt.gt (protectionLevel=2 flags=0x2083e44)
W/PackageManager(  286): Not granting permission android.permission.ACCESS_SURFACE_FLINGER to package com.tencent.wstt.gt (protectionLevel=2 flags=0x2083e44)
D/dalvikvm(  286): GC_EXPLICIT freed 455K, 11% free 4411K/4928K, paused 1ms+1ms, total 12ms
I/SystemServer(  286): Entropy Mixer
I/EntropyMixer(  286): Writing entropy...
I/SystemServer(  286): User Service
I/SystemServer(  286): Account Manager
I/SystemServer(  286): Content Manager
I/SystemServer(  286): System Content Providers
W/SettingsProvider(  286): set ANDROID_ID from persist.nox.androidid
E/ConsumerIrService(  286): Can't open consumer IR HW Module, error: -2
W/libsuspend(  286): Error writing 'on' to /sys/power/state: Invalid argument
E/libsuspend(  286): Error opening /sys/power/autosleep: No such file or directory
E/libsuspend(  286): Error opening /sys/power/wakeup_count: Permission denied
E/libsuspend(  286): failed to initialize autosuspend
D/PermissionCache(  167): checking android.permission.ACCESS_SURFACE_FLINGER for uid=1000 => granted (261 us)
D/SurfaceFlinger(  167): Screen acquired, type=0 flinger=0xb816e820
D/SurfaceFlinger(  167):  screen was previously acquired
D/AlarmManagerService(  286): Kernel timezone updated to -480 minutes west of GMT
I/SystemServer(  286): Lights Service
I/SystemServer(  286): Battery Service
I/SystemServer(  286): Vibrator Service
I/SystemServer(  286): Consumer IR Service
I/SystemServer(  286): Alarm Manager
I/SystemServer(  286): Init Watchdog
I/SystemServer(  286): Input Manager
I/InputManager(  286): Initializing input manager, mUseDevInputEventForAudioJack=false
D/dalvikvm(  286): GC_CONCURRENT freed 243K, 8% free 4566K/4928K, paused 4ms+1ms, total 14ms
I/SystemServer(  286): Window Manager
I/WindowManager(  286): No existing display settings /data/system/display_settings.xml; starting empty
I/WindowManager(  286): No keyguard interface!
I/InputManager(  286): Starting input manager
D/EventHub(  286): No input device configuration file found for device 'seamless mouse'.
I/EventHub(  286): New device: id=1, fd=85, path='/dev/input/event9', name='seamless mouse', classes=0x4, configuration='', keyLayout='', keyCharacterMap='', builtinKeyboard=false, usingSuspendBlockIoctl=true, usingClockIoctl=true
E/EventHub(  286): could not get driver version for /dev/input/mouse4, Not a typewriter
D/BluetoothManagerService(  286): Loading stored name and address
D/BluetoothManagerService(  286): Stored bluetooth Name=null,Address=null
I/SystemServer(  286): Bluetooth Manager Service
I/SystemServer(  286): Input Method Service
W/InputMethodManagerService(  286): Couldn't create dir.: /data/system/inputmethod
D/EventHub(  286): No input device configuration file found for device 'mouse'.
I/EventHub(  286): New device: id=2, fd=87, path='/dev/input/event8', name='mouse', classes=0x8, configuration='', keyLayout='', keyCharacterMap='', builtinKeyboard=false, usingSuspendBlockIoctl=true, usingClockIoctl=true
E/EventHub(  286): could not get driver version for /dev/input/mouse3, Not a typewriter
I/SystemServer(  286): Accessibility Manager
D/SurfaceFlinger(  167): setOrientation, mFbdev=0xb8170e00, mFbDev->setOrientation=0xb6981ce0, orientation=0
I/gralloc_nox(  167): setOrientation: orientation=0
I/ActivityManager(  286): Config changes=1dfb {1.0 460mcc7mnc zh_CN ldltr sw480dp w853dp h480dp 240dpi lrg long land ?uimode ?night -touch -keyb/v/h -nav/h s.2}
I/ActivityManager(  286): Config changes=400 {1.0 460mcc7mnc zh_CN ldltr sw480dp w853dp h454dp 240dpi lrg long land ?uimode ?night -touch -keyb/v/h -nav/h s.3}
I/SystemServer(  286): Mount Service
D/MountService(  286): got storage path: /mnt/sdcard description: SD  primary: true removable: false emulated: true mtpReserve: 100 allowMassStorage: false maxFileSize: 0
D/MountService(  286): addVolumeLocked() StorageVolume:
D/MountService(  286):     mStorageId=65537 mPath=/storage/emulated/0 mDescriptionId=17040662 
D/MountService(  286):     mPrimary=true mRemovable=false mEmulated=true mMtpReserveSpace=100 
D/MountService(  286):     mAllowMassStorage=false mMaxFileSize=0 mOwner=UserHandle{0} mUuid=null 
D/MountService(  286):     mUserLabel=null mState=null 
I/SystemServer(  286): LockSettingsService
I/SystemServer(  286): Device Policy
I/SystemServer(  286): Status Bar
I/SystemServer(  286): Clipboard Service
I/SystemServer(  286): NetworkManagement Service
I/SystemServer(  286): Text Service Manager Service
W/TextServicesManagerService(  286): no available spell checker services found
I/SystemServer(  286): NetworkStats Service
I/SystemServer(  286): NetworkPolicy Service
I/SystemServer(  286): Wi-Fi P2pService
W/EventHub(  286): Unable to disable kernel key repeat for /dev/input/event7: Function not implemented
I/EventHub(  286): Virtual keyboard mode is |0] [0]
I/EventHub(  286): Vrtual keyboard is set to Hardware mode
I/EventHub(  286): New device: id=3, fd=92, path='/dev/input/event7', name='Android Input', classes=0x37, configuration='/system/usr/idc/Android_Input.idc', keyLayout='/system/usr/keylayout/Android_Input.kl', keyCharacterMap='/system/usr/keychars/Generic.kcm', builtinKeyboard=false, usingSuspendBlockIoctl=true, usingClockIoctl=true
E/EventHub(  286): could not get driver version for /dev/input/mouse2, Not a typewriter
I/PackageManager(  286): No secure containers on sdcard
W/PackageManager(  286): Unknown permission com.huawei.authentication.HW_ACCESS_AUTH_SERVICE in package com.tencent.mm
W/PackageManager(  286): Unknown permission com.android.launcher.permission.READ_SETTINGS in package com.tencent.mm
W/PackageManager(  286): Unknown permission com.tencent.mm.location.permission.SEND_VIEW in package com.tencent.mm
W/PackageManager(  286): Unknown permission com.huawei.android.launcher.permission.CHANGE_BADGE in package com.tencent.mm
W/PackageManager(  286): Unknown permission android.permission.WRITE_APP_BADGE in package com.tencent.mm
W/PackageManager(  286): Unknown permission android.permission.REQUEST_IGNORE_BATTERY_OPTIMIZATIONS in package com.tencent.mm
W/PackageManager(  286): Unknown permission android.permission.BODY_SENSORS in package com.tencent.mm
W/PackageManager(  286): Unknown permission com.google.android.c2dm.permission.RECEIVE in package com.tencent.mm
W/PackageManager(  286): Unknown permission com.android.vending.BILLING in package com.tencent.mm
W/PackageManager(  286): Unknown permission android.permission.USE_FINGERPRINT in package com.tencent.mm
W/PackageManager(  286): Unknown permission com.android.smspush.WAPPUSH_MANAGER_BIND in package com.android.phone
W/PackageManager(  286): Unknown permission com.google.android.googleapps.permission.GOOGLE_AUTH in package com.android.providers.calendar
W/PackageManager(  286): Unknown permission com.google.android.googleapps.permission.GOOGLE_AUTH.cl in package com.android.providers.calendar
W/PackageManager(  286): Unknown permission com.android.launcher.permission.READ_SETTINGS in package com.android.onetimeinitializer
W/PackageManager(  286): Unknown permission com.android.launcher.permission.WRITE_SETTINGS in package com.android.onetimeinitializer
W/PackageManager(  286): Unknown permission com.cyanogenmod.filemanager.permissions.READ_THEME in package com.cyanogenmod.filemanager
W/PackageManager(  286): Not granting permission android.permission.MOUNT_UNMOUNT_FILESYSTEMS to package com.lemon.lemonban (protectionLevel=18 flags=0x248be44)
W/PackageManager(  286): Unknown permission com.android.launcher.permission.READ_SETTINGS in package com.bignox.app.store.hd
W/PackageManager(  286): Unknown permission com.android.launcher.permission.WRITE_SETTINGS in package com.bignox.app.store.hd
W/PackageManager(  286): Unknown permission com.google.android.googleapps.permission.GOOGLE_AUTH in package com.android.settings
W/PackageManager(  286): Unknown permission com.android.launcher.permission.READ_SETTINGS in package com.android.settings
W/PackageManager(  286): Unknown permission com.android.launcher.permission.WRITE_SETTINGS in package com.android.settings
W/PackageManager(  286): Unknown permission com.android.launcher.permission.READ_SETTINGS in package com.tencent.mtt.x86
W/PackageManager(  286): Unknown permission com.android.launcher.permission.WRITE_SETTINGS in package com.tencent.mtt.x86
W/PackageManager(  286): Unknown permission com.google.android.launcher.permission.READ_SETTINGS in package com.tencent.mtt.x86
W/PackageManager(  286): Unknown permission com.google.android.launcher.permission.WRITE_SETTINGS in package com.tencent.mtt.x86
W/PackageManager(  286): Unknown permission com.htc.launcher.permission.READ_SETTINGS in package com.tencent.mtt.x86
W/PackageManager(  286): Unknown permission com.htc.launcher.permission.WRITE_SETTINGS in package com.tencent.mtt.x86
W/PackageManager(  286): Unknown permission com.nd.android.launcher.permission.READ_SETTINGS in package com.tencent.mtt.x86
W/PackageManager(  286): Unknown permission com.nd.android.launcher.permission.WRITE_SETTINGS in package com.tencent.mtt.x86
W/PackageManager(  286): Unknown permission com.lge.launcher.permission.READ_SETTINGS in package com.tencent.mtt.x86
W/PackageManager(  286): Unknown permission com.lge.launcher.permission.WRITE_SETTINGS in package com.tencent.mtt.x86
W/PackageManager(  286): Unknown permission com.fede.launcher.permission.READ_SETTINGS in package com.tencent.mtt.x86
W/PackageManager(  286): Unknown permission com.fede.launcher.permission.WRITE_SETTINGS in package com.tencent.mtt.x86
W/PackageManager(  286): Unknown permission org.adw.launcher.permission.READ_SETTINGS in package com.tencent.mtt.x86
W/PackageManager(  286): Unknown permission org.adw.launcher.permission.WRITE_SETTINGS in package com.tencent.mtt.x86
W/PackageManager(  286): Unknown permission org.adwfreak.launcher.permission.READ_SETTINGS in package com.tencent.mtt.x86
W/PackageManager(  286): Unknown permission org.adwfreak.launcher.permission.WRITE_SETTINGS in package com.tencent.mtt.x86
W/PackageManager(  286): Unknown permission org.adw.launcher_donut.permission.READ_SETTINGS in package com.tencent.mtt.x86
W/PackageManager(  286): Unknown permission org.adw.launcher_donut.permission.WRITE_SETTINGS in package com.tencent.mtt.x86
W/PackageManager(  286): Unknown permission com.tencent.qqlauncher.permission.READ_SETTINGS in package com.tencent.mtt.x86
W/PackageManager(  286): Unknown permission com.tencent.qqlauncher.permission.WRITE_SETTINGS in package com.tencent.mtt.x86
W/PackageManager(  286): Unknown permission com.android.mylauncher.permission.READ_SETTINGS in package com.tencent.mtt.x86
W/PackageManager(  286): Unknown permission com.android.mylauncher.permission.WRITE_SETTINGS in package com.tencent.mtt.x86
W/PackageManager(  286): Unknown permission com.huawei.launcher2.permission.READ_SETTINGS in package com.tencent.mtt.x86
W/PackageManager(  286): Unknown permission com.huawei.launcher2.permission.WRITE_SETTINGS in package com.tencent.mtt.x86
W/PackageManager(  286): Unknown permission com.huawei.launcher3.permission.READ_SETTINGS in package com.tencent.mtt.x86
W/PackageManager(  286): Unknown permission com.huawei.launcher3.permission.WRITE_SETTINGS in package com.tencent.mtt.x86
W/PackageManager(  286): Unknown permission net.qihoo.launcher.permission.READ_SETTINGS in package com.tencent.mtt.x86
W/PackageManager(  286): Unknown permission net.qihoo.launcher.permission.WRITE_SETTINGS in package com.tencent.mtt.x86
W/PackageManager(  286): Unknown permission com.dianxinos.dxhome.permission.READ_SETTINGS in package com.tencent.mtt.x86
W/PackageManager(  286): Unknown permission com.dianxinos.dxhome.permission.WRITE_SETTINGS in package com.tencent.mtt.x86
W/PackageManager(  286): Unknown permission com.huawei.android.launcher.permission.READ_SETTINGS in package com.tencent.mtt.x86
W/PackageManager(  286): Unknown permission com.huawei.android.launcher.permission.WRITE_SETTINGS in package com.tencent.mtt.x86
W/PackageManager(  286): Unknown permission com.qihoo360.launcher.permission.READ_SETTINGS in package com.tencent.mtt.x86
W/PackageManager(  286): Unknown permission com.qihoo360.launcher.permission.WRITE_SETTINGS in package com.tencent.mtt.x86
W/PackageManager(  286): Unknown permission com.oppo.launcher.permission.READ_SETTINGS in package com.tencent.mtt.x86
W/PackageManager(  286): Unknown permission com.oppo.launcher.permission.WRITE_SETTINGS in package com.tencent.mtt.x86
W/PackageManager(  286): Unknown permission com.ztemt.launcher.permission.READ_SETTINGS in package com.tencent.mtt.x86
W/PackageManager(  286): Unknown permission com.ztemt.launcher.permission.WRITE_SETTINGS in package com.tencent.mtt.x86
W/PackageManager(  286): Unknown permission com.lenovo.launcher.permission.READ_SETTINGS in package com.tencent.mtt.x86
W/PackageManager(  286): Unknown permission com.lenovo.launcher.permission.WRITE_SETTINGS in package com.tencent.mtt.x86
W/PackageManager(  286): Unknown permission com.android.launcher3.permission.READ_SETTINGS in package com.tencent.mtt.x86
W/PackageManager(  286): Unknown permission com.android.launcher3.permission.WRITE_SETTINGS in package com.tencent.mtt.x86
W/PackageManager(  286): Unknown permission com.moxiu.launcher.permission.READ_SETTINGS in package com.tencent.mtt.x86
W/PackageManager(  286): Unknown permission com.moxiu.launcher.permission.WRITE_SETTINGS in package com.tencent.mtt.x86
W/PackageManager(  286): Unknown permission com.iLoong.permission.READ_SETTINGS in package com.tencent.mtt.x86
W/PackageManager(  286): Unknown permission com.iLoong.permission.WRITE_SETTINGS in package com.tencent.mtt.x86
W/PackageManager(  286): Unknown permission telecom.mdesk.permission.READ_SETTINGS in package com.tencent.mtt.x86
W/PackageManager(  286): Unknown permission telecom.mdesk.permission.WRITE_SETTINGS in package com.tencent.mtt.x86
W/PackageManager(  286): Unknown permission com.tencent.tmsecurelite.permission.ACCESS_SERVICE in package com.tencent.mtt.x86
W/PackageManager(  286): Not granting permission android.permission.BIND_ACCESSIBILITY_SERVICE to package com.tencent.mtt.x86 (protectionLevel=2 flags=0x183e44)
W/PackageManager(  286): Unknown permission com.android.ContactWidget.permission.READ_SETTINGS in package com.tencent.mtt.x86
W/PackageManager(  286): Unknown permission com.android.ContactWidget.permission.WRITE_SETTINGS in package com.tencent.mtt.x86
W/PackageManager(  286): Not granting permission android.permission.INTERACT_ACROSS_USERS to package com.tencent.mtt.x86 (protectionLevel=50 flags=0x183e44)
W/PackageManager(  286): Not granting permission android.permission.INTERACT_ACROSS_USERS_FULL to package com.tencent.mtt.x86 (protectionLevel=2 flags=0x183e44)
W/PackageManager(  286): Not granting permission android.permission.MOUNT_UNMOUNT_FILESYSTEMS to package com.tencent.mtt.x86 (protectionLevel=18 flags=0x183e44)
W/PackageManager(  286): Unknown permission com.lenovo.launcher.permission.BADGE_READ in package com.tencent.mtt.x86
W/PackageManager(  286): Unknown permission com.lenovo.launcher.permission.BADGE_WRITE in package com.tencent.mtt.x86
W/PackageManager(  286): Unknown permission com.huawei.android.launcher.permission.CHANGE_BADGE in package com.tencent.mtt.x86
D/EventHub(  286): No input device configuration file found for device 'gpio-keys'.
W/EventHub(  286): Unable to disable kernel key repeat for /dev/input/event6: Function not implemented
I/EventHub(  286): Virtual keyboard mode is |0] [0]
I/EventHub(  286): Vrtual keyboard is set to Hardware mode
I/EventHub(  286): New device: id=4, fd=104, path='/dev/input/event6', name='gpio-keys', classes=0x81, configuration='', keyLayout='/system/usr/keylayout/gpio-keys.kl', keyCharacterMap='/system/usr/keychars/gpio-keys.kcm', builtinKeyboard=false, usingSuspendBlockIoctl=true, usingClockIoctl=true
I/EventHub(  286): ignoring event id /dev/input/event5 driver VirtualBox mouse integration
D/dalvikvm(  286): GC_CONCURRENT freed 294K, 8% free 4760K/5124K, paused 1ms+3ms, total 13ms
W/PackageManager(  286): Not granting permission android.permission.CHANGE_CONFIGURATION to package com.tencent.wstt.gt (protectionLevel=50 flags=0x2083e44)
W/PackageManager(  286): Not granting permission android.permission.MOUNT_UNMOUNT_FILESYSTEMS to package com.tencent.wstt.gt (protectionLevel=18 flags=0x2083e44)
W/PackageManager(  286): Not granting permission android.permission.BATTERY_STATS to package com.tencent.wstt.gt (protectionLevel=18 flags=0x2083e44)
W/PackageManager(  286): Unknown permission com.android.launcher.permission.READ_SETTINGS in package com.tencent.wstt.gt
W/PackageManager(  286): Unknown permission com.android.launcher.permission.WRITE_SETTINGS in package com.tencent.wstt.gt
W/PackageManager(  286): Not granting permission android.permission.SET_KEYBOARD_LAYOUT to package com.tencent.wstt.gt (protectionLevel=2 flags=0x2083e44)
W/PackageManager(  286): Unknown permission android.permission.WRITE_OWNER_DATA in package com.tencent.wstt.gt
W/PackageManager(  286): Unknown permission android.permission.READ_OWNER_DATA in package com.tencent.wstt.gt
W/PackageManager(  286): Not granting permission android.permission.READ_LOGS to package com.tencent.wstt.gt (protectionLevel=50 flags=0x2083e44)
W/PackageManager(  286): Not granting permission android.permission.ACCESS_CHECKIN_PROPERTIES to package com.tencent.wstt.gt (protectionLevel=18 flags=0x2083e44)
W/PackageManager(  286): Not granting permission android.permission.FACTORY_TEST to package com.tencent.wstt.gt (protectionLevel=2 flags=0x2083e44)
W/PackageManager(  286): Not granting permission android.permission.ACCESS_SURFACE_FLINGER to package com.tencent.wstt.gt (protectionLevel=2 flags=0x2083e44)
I/SystemServer(  286): Wi-Fi Service
D/EventHub(  286): No input device configuration file found for device 'Sleep Button'.
W/EventHub(  286): Unable to disable kernel key repeat for /dev/input/event1: Function not implemented
I/EventHub(  286): Virtual keyboard mode is |0] [0]
I/EventHub(  286): Vrtual keyboard is set to Hardware mode
I/EventHub(  286): New device: id=5, fd=106, path='/dev/input/event1', name='Sleep Button', classes=0x1, configuration='', keyLayout='/system/usr/keylayout/Generic.kl', keyCharacterMap='/system/usr/keychars/Generic.kcm', builtinKeyboard=false, usingSuspendBlockIoctl=true, usingClockIoctl=true
D/EventHub(  286): No input device configuration file found for device 'Power Button'.
W/EventHub(  286): Unable to disable kernel key repeat for /dev/input/event0: Function not implemented
I/EventHub(  286): Virtual keyboard mode is |0] [0]
I/EventHub(  286): Vrtual keyboard is set to Hardware mode
I/EventHub(  286): New device: id=6, fd=107, path='/dev/input/event0', name='Power Button', classes=0x1, configuration='', keyLayout='/system/usr/keylayout/Generic.kl', keyCharacterMap='/system/usr/keychars/Generic.kcm', builtinKeyboard=false, usingSuspendBlockIoctl=true, usingClockIoctl=true
E/EventHub(  286): could not get driver version for /dev/input/mouse0, Not a typewriter
I/SystemServer(  286): Connectivity Service
D/ConnectivityService(  286): ConnectivityService starting up
D/ConnectivityService(  286): wifiOnly=false
E/ConnectivityService(  286): Ignoring protectedNetwork 10
E/ConnectivityService(  286): Ignoring protectedNetwork 11
E/ConnectivityService(  286): Ignoring protectedNetwork 12
E/ConnectivityService(  286): Ignoring protectedNetwork 14
D/WifiController(  286): WifiController msg { when=0 what=155656 target=com.android.internal.util.StateMachine$SmHandler } deferred for 490ms
E/MobileDataStateTracker(  286): default: Ignoring feature request because could not acquire PhoneService
E/MobileDataStateTracker(  286): default: Could not enable APN type "default"
I/WifiService(  286): WifiService starting up with Wi-Fi enabled
D/WifiService(  286): setWifiEnabled: true pid=286, uid=1000
I/SystemServer(  286): Network Service Discovery Service
D/NsdService(  286): Network service discovery enabled true
I/SystemServer(  286): UpdateLock Service
I/SystemServer(  286): Notification Manager
I/SystemServer(  286): Device Storage Monitor
I/SystemServer(  286): Location Manager
I/SystemServer(  286): Country Detector
I/SystemServer(  286): Search Service
I/SystemServer(  286): DropBox Service
I/SystemServer(  286): Wallpaper Service
I/EventHub(  286): ignoring event id /dev/input/event3 driver ImExPS/2 Generic Explorer Mouse
D/EventHub(  286): No input device configuration file found for device 'AT Translated Set 2 keyboard'.
I/EventHub(  286): Virtual keyboard mode is |0] [0]
I/EventHub(  286): Vrtual keyboard is set to Hardware mode
I/EventHub(  286): New device: id=7, fd=125, path='/dev/input/event2', name='AT Translated Set 2 keyboard', classes=0x3, configuration='', keyLayout='/system/usr/keylayout/AT_Translated_Set_2_keyboard.kl', keyCharacterMap='/system/usr/keychars/Generic.kcm', builtinKeyboard=false, usingSuspendBlockIoctl=true, usingClockIoctl=true
E/EventHub(  286): could not get driver version for /dev/input/mice, Not a typewriter
I/SystemServer(  286): Audio Service
D/dalvikvm(  286): GC_CONCURRENT freed 257K, 7% free 4968K/5292K, paused 1ms+1ms, total 12ms
E/EventHub(  286): could not get driver version for /dev/input/mouse1, Not a typewriter
I/SystemServer(  286): Dock Observer
W/DockObserver(  286): This kernel does not have dock station support
I/SystemServer(  286): Wired Accessory Manager
W/WiredAccessoryManager(  286): This kernel does not have wired headset support
W/WiredAccessoryManager(  286): This kernel does not have usb audio support
W/WiredAccessoryManager(  286): This kernel does not have HDMI audio support
I/SystemServer(  286): USB Service
I/SystemServer(  286): Serial Service
I/SystemServer(  286): Twilight Service
I/SystemServer(  286): UI Mode Manager Service
I/SystemServer(  286): Backup Service
D/EventHub(  286): No input device configuration file found for device 'VirtualBox USB Tablet'.
I/EventHub(  286): New device: id=8, fd=132, path='/dev/input/event4', name='VirtualBox USB Tablet', classes=0x80000004, configuration='', keyLayout='', keyCharacterMap='', builtinKeyboard=false, usingSuspendBlockIoctl=true, usingClockIoctl=true
I/InputReader(  286): Device added: id=-1, name='Virtual', sources=0x00000301
I/InputReader(  286):   Touch device 'VirtualBox USB Tablet' could not query the properties of its associated display.  The device will be inoperable until the display size becomes available.
I/InputReader(  286): Device added: id=8, name='VirtualBox USB Tablet', sources=0x00001002
I/InputReader(  286): Device added: id=7, name='AT Translated Set 2 keyboard', sources=0x00000101
I/InputReader(  286): Device added: id=6, name='Power Button', sources=0x00000101
I/InputReader(  286): Device added: id=5, name='Sleep Button', sources=0x00000101
I/InputReader(  286): Device added: id=4, name='gpio-keys', sources=0x80000101
I/InputReader(  286):   Touch device 'Android Input' could not query the properties of its associated display.  The device will be inoperable until the display size becomes available.
I/InputReader(  286): Device added: id=3, name='Android Input', sources=0x00001303
V/BackupManagerService(  286): Initializing package tracking
V/BackupManagerService(  286): No ancestral data
V/BackupManagerService(  286): addPackageParticipantsLocked: all
I/BackupManagerService(  286): Scheduling backup for new app com.android.browser
D/BackupManagerService(  286): Now staging backup of com.android.browser
I/BackupManagerService(  286): Scheduling backup for new app com.android.providers.userdictionary
D/BackupManagerService(  286): Now staging backup of com.android.providers.userdictionary
I/InputReader(  286): Device added: id=2, name='mouse', sources=0x00002002
I/InputReader(  286):   Touch device 'seamless mouse' could not query the properties of its associated display.  The device will be inoperable until the display size becomes available.
I/InputReader(  286): Device added: id=1, name='seamless mouse', sources=0x00001002
I/InputReader(  286): Reconfiguring input devices.  changes=0x00000004
I/InputReader(  286): Device reconfigured: id=1, name='seamless mouse', size 1280x720, orientation 0, mode 1, display id 0
I/InputReader(  286): Device reconfigured: id=3, name='Android Input', size 1280x720, orientation 0, mode 1, display id 0
I/InputReader(  286): Device reconfigured: id=8, name='VirtualBox USB Tablet', size 1280x720, orientation 0, mode 1, display id 0
I/BackupManagerService(  286): Scheduling backup for new app com.android.sharedstoragebackup
D/BackupManagerService(  286): Now staging backup of com.android.sharedstoragebackup
I/BackupManagerService(  286): Scheduling backup for new app android
D/BackupManagerService(  286): Now staging backup of android
I/BackupManagerService(  286): Scheduling backup for new app com.android.providers.settings
D/BackupManagerService(  286): Now staging backup of com.android.providers.settings
V/BackupManagerService(  286): Starting with transport android/com.android.internal.backup.LocalTransport
V/BackupManagerService(  286): Found transports: 1
I/BackupManagerService(  286): Binding to transport host ComponentInfo{android/com.android.internal.backup.LocalTransportService}
I/BackupManagerService(  286): Found stale backup journal, scheduling
I/BackupManagerService(  286):   android
I/BackupManagerService(  286):   com.android.browser
I/BackupManagerService(  286):   com.android.providers.userdictionary
I/BackupManagerService(  286):   com.android.sharedstoragebackup
I/BackupManagerService(  286):   com.android.providers.settings
I/BackupManagerService(  286): Backup enabled => false
I/BackupManagerService(  286): Opting out of backup
I/ActivityManager(  286): Config changes=78 {1.0 460mcc7mnc zh_CN ldltr sw480dp w853dp h454dp 240dpi lrg long land ?uimode ?night finger qwerty/v/v dpad/v s.4}
I/SystemServer(  286): AppWidget Service
I/WindowManager(  286): SAFE MODE not enabled
D/Atlas   (  286): Loaded configuration: SliceMinArea (768x768) flags=0x2 count=25
I/SystemServer(  286): Recognition Service
I/SystemServer(  286): DiskStats Service
I/SystemServer(  286): SamplingProfiler Service
I/SystemServer(  286): NetworkTimeUpdateService
I/SystemServer(  286): CommonTimeManagementService
I/SystemServer(  286): CertBlacklister
I/SystemServer(  286): Dreams Service
I/SystemServer(  286): Assets Atlas Service
I/SystemServer(  286): IdleMaintenanceService
I/SystemServer(  286): Print Service
I/SystemServer(  286): Media Router Service
W/WindowManager(  286): updateFocusedWindowLocked, focusedAppToken is null.
I/Zygote  (  286): Process: zygote socket opened
D/dalvikvm(  286): GC_CONCURRENT freed 303K, 7% free 5102K/5476K, paused 2ms+1ms, total 15ms
V/KeyguardServiceDelegate(  286): *** Keyguard started
V/KeyguardServiceDelegate(  286): onSystemReady() called before keyguard service was ready
I/dalvikvm(  286): ignoring registerObject request in thread=1
I/dalvikvm(  286): ignoring registerObject request in thread=1
I/ActivityManager(  286): Start proc com.android.systemui for service com.android.keyguard/.KeyguardService: pid=341 uid=10006 gids={50006, 1028, 1015, 1023, 1035, 3002, 3001}
W/libsuspend(  286): Error writing 'on' to /sys/power/state: Invalid argument
E/libsuspend(  286): Error opening /sys/power/autosleep: No such file or directory
E/libsuspend(  286): Error opening /sys/power/wakeup_count: Permission denied
E/libsuspend(  286): failed to initialize autosuspend
I/dalvikvm(  341): ignoring registerObject request in thread=1
I/dalvikvm(  341): ignoring registerObject request in thread=1
D/        (  286): HostConnection::get() New Host Connection established 0xb7e42a20, tid 340
I/AppOps  (  286): Pruning old package root/0: new uid=-1
I/AppOps  (  286): Pruning old package media/1013: new uid=-1
I/ActivityManager(  286): System now ready
I/SystemServer(  286): Making services ready
D/NetworkManagementService(  286): enabling bandwidth control
W/MountService(  286): Duplicate state transition (mounted -> mounted) for /storage/emulated/0
D/libEGL  (  286): loaded /system/lib/egl/libEGL_adreno.so
I/iptables(  163): iptables: No chain/target/match by that name.
I/iptables(  163): iptables terminated by exit(1)
E/BandwidthController(  163): runIptablesCmd(): res=1 status=256 failed /system/bin/iptables -A bw_INPUT -m owner --socket-exists
I/ip6tables(  163): ip6tables: No chain/target/match by that name.
I/ip6tables(  163): ip6tables terminated by exit(1)
E/BandwidthController(  163): runIptablesCmd(): res=1 status=256 failed /system/bin/ip6tables -A bw_INPUT -m owner --socket-exists
F/NetworkManagementService(  286): problem enabling bandwidth controls
F/NetworkManagementService(  286): com.android.server.NativeDaemonConnector$NativeDaemonFailureException: command '1 bandwidth enable' failed with '400 1 Bandwidth command failed'
F/NetworkManagementService(  286): 	at com.android.server.NativeDaemonConnector.execute(NativeDaemonConnector.java:392)
F/NetworkManagementService(  286): 	at com.android.server.NativeDaemonConnector.executeForList(NativeDaemonConnector.java:328)
F/NetworkManagementService(  286): 	at com.android.server.NativeDaemonConnector.execute(NativeDaemonConnector.java:293)
F/NetworkManagementService(  286): 	at com.android.server.NetworkManagementService.prepareNativeDaemon(NetworkManagementService.java:348)
F/NetworkManagementService(  286): 	at com.android.server.NetworkManagementService.systemReady(NetworkManagementService.java:224)
F/NetworkManagementService(  286): 	at com.android.server.ServerThread$2.run(SystemServer.java:962)
F/NetworkManagementService(  286): 	at com.android.server.am.ActivityManagerService.systemReady(ActivityManagerService.java:9393)
F/NetworkManagementService(  286): 	at com.android.server.ServerThread.initAndLoop(SystemServer.java:939)
F/NetworkManagementService(  286): 	at com.android.server.SystemServer.main(SystemServer.java:1209)
F/NetworkManagementService(  286): 	at java.lang.reflect.Method.invokeNative(Native Method)
F/NetworkManagementService(  286): 	at java.lang.reflect.Method.invoke(Method.java:515)
F/NetworkManagementService(  286): 	at com.android.internal.os.ZygoteInit$MethodAndArgsCaller.run(ZygoteInit.java:779)
F/NetworkManagementService(  286): 	at com.android.internal.os.ZygoteInit.main(ZygoteInit.java:595)
F/NetworkManagementService(  286): 	at dalvik.system.NativeStart.main(Native Method)
V/KeyguardService(  341): onCreate()
D/libEGL  (  286): loaded /system/lib/egl/libGLESv1_CM_adreno.so
D/libEGL  (  286): loaded /system/lib/egl/libGLESv2_adreno.so
I/iptables(  163): iptables: No chain/target/match by that name.
I/iptables(  163): iptables terminated by exit(1)
E/Netd    (  163): exec() res=0, status=256 for /system/bin/iptables -F fw_INPUT 
I/ip6tables(  163): ip6tables: No chain/target/match by that name.
I/ip6tables(  163): ip6tables terminated by exit(1)
E/Netd    (  163): exec() res=0, status=256 for /system/bin/ip6tables -F fw_INPUT 
I/iptables(  163): iptables: No chain/target/match by that name.
I/iptables(  163): iptables terminated by exit(1)
E/Netd    (  163): exec() res=0, status=256 for /system/bin/iptables -F fw_OUTPUT 
I/ip6tables(  163): ip6tables: No chain/target/match by that name.
I/ip6tables(  163): ip6tables terminated by exit(1)
E/Netd    (  163): exec() res=0, status=256 for /system/bin/ip6tables -F fw_OUTPUT 
I/iptables(  163): iptables: No chain/target/match by that name.
E/WVMExtractor(  170): Failed to open libwvm.so
I/iptables(  163): iptables terminated by exit(1)
E/Netd    (  163): exec() res=0, status=256 for /system/bin/iptables -F fw_FORWARD 
I/ip6tables(  163): ip6tables: No chain/target/match by that name.
I/ip6tables(  163): ip6tables terminated by exit(1)
E/Netd    (  163): exec() res=0, status=256 for /system/bin/ip6tables -F fw_FORWARD 
F/SystemServer(  286): BOOT FAILURE making Network Managment Service ready
F/SystemServer(  286): java.lang.IllegalStateException: command '2 firewall disable' failed with '400 2 Firewall command failed'
F/SystemServer(  286): 	at com.android.server.NetworkManagementService.setFirewallEnabled(NetworkManagementService.java:1617)
F/SystemServer(  286): 	at com.android.server.NetworkManagementService.prepareNativeDaemon(NetworkManagementService.java:401)
F/SystemServer(  286): 	at com.android.server.NetworkManagementService.systemReady(NetworkManagementService.java:224)
F/SystemServer(  286): 	at com.android.server.ServerThread$2.run(SystemServer.java:962)
F/SystemServer(  286): 	at com.android.server.am.ActivityManagerService.systemReady(ActivityManagerService.java:9393)
F/SystemServer(  286): 	at com.android.server.ServerThread.initAndLoop(SystemServer.java:939)
F/SystemServer(  286): 	at com.android.server.SystemServer.main(SystemServer.java:1209)
F/SystemServer(  286): 	at java.lang.reflect.Method.invokeNative(Native Method)
F/SystemServer(  286): 	at java.lang.reflect.Method.invoke(Method.java:515)
F/SystemServer(  286): 	at com.android.internal.os.ZygoteInit$MethodAndArgsCaller.run(ZygoteInit.java:779)
F/SystemServer(  286): 	at com.android.internal.os.ZygoteInit.main(ZygoteInit.java:595)
F/SystemServer(  286): 	at dalvik.system.NativeStart.main(Native Method)
F/SystemServer(  286): Caused by: com.android.server.NativeDaemonConnector$NativeDaemonFailureException: command '2 firewall disable' failed with '400 2 Firewall command failed'
F/SystemServer(  286): 	at com.android.server.NativeDaemonConnector.execute(NativeDaemonConnector.java:392)
F/SystemServer(  286): 	at com.android.server.NativeDaemonConnector.executeForList(NativeDaemonConnector.java:328)
F/SystemServer(  286): 	at com.android.server.NativeDaemonConnector.execute(NativeDaemonConnector.java:293)
F/SystemServer(  286): 	at com.android.server.NetworkManagementService.setFirewallEnabled(NetworkManagementService.java:1614)
F/SystemServer(  286): 	... 11 more
D/SystemUIService(  341): loading: class com.android.systemui.recent.Recents
D/SystemUIService(  341): running: com.android.systemui.recent.Recents@4a7e271c
D/SystemUIService(  341): loading: class com.android.systemui.statusbar.SystemBars
D/SystemUIService(  341): running: com.android.systemui.statusbar.SystemBars@4a7e29ec
E/cutils-trace(  170): Error opening trace file: No such file or directory (2)
D/SystemUIService(  341): loading: class com.android.systemui.usb.StorageNotification
D/SystemUIService(  341): running: com.android.systemui.usb.StorageNotification@4a7e397c
D/SystemUIService(  341): loading: class com.android.systemui.power.PowerUI
D/SystemUIService(  341): running: com.android.systemui.power.PowerUI@4a7e4488
W/SystemServer(  286): ***********************************************
W/NetworkStats(  286): bandwidth controls disabled, unable to track stats
W/NetworkPolicy(  286): bandwidth controls disabled, unable to enforce policy
I/iptables(  163): iptables: No chain/target/match by that name.
D/SystemUIService(  341): loading: class com.android.systemui.media.RingtonePlayer
D/SystemUIService(  341): running: com.android.systemui.media.RingtonePlayer@4a7e4e14
I/iptables(  163): iptables terminated by exit(1)
E/Netd    (  163): exec() res=0, status=256 for /system/bin/iptables -F fw_INPUT 
D/SystemUIService(  341): loading: class com.android.systemui.settings.SettingsUI
D/SystemUIService(  341): running: com.android.systemui.settings.SettingsUI@4a7e5748
I/ip6tables(  163): ip6tables: No chain/target/match by that name.
D/PhoneStatusBar(  341): mSettingsPanelGravity = 55
I/StatusBarManagerService(  286): registerStatusBar bar=com.android.internal.statusbar.IStatusBar$Stub$Proxy@4a7ef87c
I/ip6tables(  163): ip6tables terminated by exit(1)
E/Netd    (  163): exec() res=0, status=256 for /system/bin/ip6tables -F fw_INPUT 
I/iptables(  163): iptables: No chain/target/match by that name.
I/iptables(  163): iptables terminated by exit(1)
E/Netd    (  163): exec() res=0, status=256 for /system/bin/iptables -F fw_OUTPUT 
I/ip6tables(  163): ip6tables: No chain/target/match by that name.
I/ip6tables(  163): ip6tables terminated by exit(1)
E/Netd    (  163): exec() res=0, status=256 for /system/bin/ip6tables -F fw_OUTPUT 
I/iptables(  163): iptables: No chain/target/match by that name.
I/iptables(  163): iptables terminated by exit(1)
E/Netd    (  163): exec() res=0, status=256 for /system/bin/iptables -F fw_FORWARD 
I/ip6tables(  163): ip6tables: No chain/target/match by that name.
E/EGL_emulation(  286): egl: destroying current context refused
W/libEGL  (  286): eglTerminate() called w/ 1 objects remaining
D/Atlas   (  286): Rendered atlas in 268.70ms (1.11+267.60ms)
I/ip6tables(  163): ip6tables terminated by exit(1)
E/Netd    (  163): exec() res=0, status=256 for /system/bin/ip6tables -F fw_FORWARD 
F/SystemServer(  286): BOOT FAILURE making Connectivity Service ready
F/SystemServer(  286): java.lang.IllegalStateException: command '3 firewall disable' failed with '400 3 Firewall command failed'
F/SystemServer(  286): 	at com.android.server.NetworkManagementService.setFirewallEnabled(NetworkManagementService.java:1617)
F/SystemServer(  286): 	at com.android.server.ConnectivityService.setLockdownTracker(ConnectivityService.java:3908)
F/SystemServer(  286): 	at com.android.server.ConnectivityService.updateLockdownVpn(ConnectivityService.java:3883)
F/SystemServer(  286): 	at com.android.server.ConnectivityService.systemReady(ConnectivityService.java:2235)
F/SystemServer(  286): 	at com.android.server.ServerThread$2.run(SystemServer.java:977)
F/SystemServer(  286): 	at com.android.server.am.ActivityManagerService.systemReady(ActivityManagerService.java:9393)
F/SystemServer(  286): 	at com.android.server.ServerThread.initAndLoop(SystemServer.java:939)
F/SystemServer(  286): 	at com.android.server.SystemServer.main(SystemServer.java:1209)
F/SystemServer(  286): 	at java.lang.reflect.Method.invokeNative(Native Method)
F/SystemServer(  286): 	at java.lang.reflect.Method.invoke(Method.java:515)
F/SystemServer(  286): 	at com.android.internal.os.ZygoteInit$MethodAndArgsCaller.run(ZygoteInit.java:779)
F/SystemServer(  286): 	at com.android.internal.os.ZygoteInit.main(ZygoteInit.java:595)
F/SystemServer(  286): 	at dalvik.system.NativeStart.main(Native Method)
F/SystemServer(  286): Caused by: com.android.server.NativeDaemonConnector$NativeDaemonFailureException: command '3 firewall disable' failed with '400 3 Firewall command failed'
F/SystemServer(  286): 	at com.android.server.NativeDaemonConnector.execute(NativeDaemonConnector.java:392)
F/SystemServer(  286): 	at com.android.server.NativeDaemonConnector.executeForList(NativeDaemonConnector.java:328)
F/SystemServer(  286): 	at com.android.server.NativeDaemonConnector.execute(NativeDaemonConnector.java:293)
F/SystemServer(  286): 	at com.android.server.NetworkManagementService.setFirewallEnabled(NetworkManagementService.java:1614)
F/SystemServer(  286): 	... 12 more
W/SystemServer(  286): ***********************************************
I/ActivityManager(  286): Config changes=200 {1.0 460mcc7mnc zh_CN ldltr sw480dp w853dp h454dp 240dpi lrg long land finger qwerty/v/v dpad/v s.5}
W/RecognitionManagerService(  286): no available voice recognition services found for user 0
W/ContextImpl(  286): Calling a method in the system process without a qualified user: android.app.ContextImpl.sendBroadcast:1123 com.android.server.usb.UsbSettingsManager.deviceAttached:621 com.android.server.usb.UsbHostManager.usbDeviceAdded:156 com.android.server.usb.UsbHostManager.monitorUsbHostBus:-2 com.android.server.usb.UsbHostManager.access$000:38 
D/WifiController(  286): DEFERRED_TOGGLE handled
E/WifiStateMachine(  286): Failed to reload STA firmware java.lang.IllegalArgumentException: command '4 softap fwreload eth1 STA' failed with '501 4 SoftAP command has failed'
D/CommandListener(  163): Setting iface cfg
D/CommandListener(  163): Trying to bring down eth1
E/Netd    (  163): Failed to open /proc/sys/net/ipv6/conf/eth1/use_tempaddr: No such file or directory
D/dalvikvm(  341): JIT code cache reset in 0 ms (0 bytes 1/0)
E/WifiStateMachine(  286): Unable to change interface settings: java.lang.IllegalStateException: command '7 interface ipv6privacyextensions eth1 enable' failed with '400 7 Failed to set ipv6 privacy extensions (No such file or directory)'
D/dalvikvm(  341): GC_CONCURRENT freed 136K, 7% free 3085K/3284K, paused 2ms+3ms, total 11ms
D/dalvikvm(  341): GC_FOR_ALLOC freed 11K, 6% free 3142K/3340K, paused 4ms, total 4ms
I/dalvikvm-heap(  341): Grow heap (frag case) to 3.729MB for 635808-byte allocation
D/dalvikvm(  341): GC_CONCURRENT freed 1K, 6% free 3762K/3964K, paused 3ms+0ms, total 7ms
D/dalvikvm(  286): GC_CONCURRENT freed 392K, 9% free 5223K/5684K, paused 6ms+2ms, total 33ms
W/InputMethodManagerService(  286): Ignoring setImeWindowStatus of uid 1000 token: null
I/ActivityManager(  286): Start proc com.example.android.softkeyboard for service com.example.android.softkeyboard/.SoftKeyboard: pid=400 uid=10025 gids={50025}
V/InputMethodManagerService(  286): Adding window token: android.os.Binder@4a7ed3d4
I/dalvikvm(  400): ignoring registerObject request in thread=1
I/dalvikvm(  400): ignoring registerObject request in thread=1
D/BluetoothManagerService(  286): Message: 20
D/BluetoothManagerService(  286): Added callback: android.bluetooth.IBluetoothManagerCallback$Stub$Proxy@4a8e49d8:true
D/BluetoothAdapter(  341): 1249867404: getState() :  mService = null. Returning STATE_OFF
D/BluetoothAdapter(  341): 1249867404: getState() :  mService = null. Returning STATE_OFF
W/ServiceWatcher(  286): com.google.android.gms not found
W/ServiceWatcher(  286): com.google.android.gms not found
W/ServiceWatcher(  286): com.google.android.gms not found
W/ServiceWatcher(  286): com.google.android.gms not found
E/FlpHardwareProvider(  286): Error hw_get_module 'flp': -2
W/ServiceWatcher(  286): com.google.android.gms not found
E/FlpHardwareProvider(  286): Error hw_get_module 'flp': -2
W/ServiceWatcher(  286): com.google.android.gms not found
W/LocationManagerService(  286): no network location provider found
E/LocationManagerService(  286): no geocoder provider found
E/LocationManagerService(  286): No FusedProvider found.
E/LocationManagerService(  286): no geofence provider found
E/GpsLocationProvider(  286): no AGPS interface in set_agps_server
I/CommonTimeManagementService(  286): No common time service detected on this platform.  Common time services will be unavailable.
