W/dalvikvm(  440): VFY: unable to resolve direct method 17827: Landroid/widget/LinearLayout;.<init> (Landroid/content/Context;Landroid/util/AttributeSet;II)V
D/dalvikvm(  440): VFY: replacing opcode 0x70 at 0x0002
D/dalvikvm(  440): GC_CONCURRENT freed 38K, 14% free 5741K/6632K, paused 2ms+10ms, total 18ms
D/dalvikvm(  440): GC_CONCURRENT freed 672K, 11% free 6039K/6768K, paused 2ms+2ms, total 16ms
D/dalvikvm(  440): WAIT_FOR_CONCURRENT_GC blocked 4ms
D/dalvikvm(  440): WAIT_FOR_CONCURRENT_GC blocked 4ms
D/dalvikvm(  440): WAIT_FOR_CONCURRENT_GC blocked 18ms
E/RecyclerView(  440): No adapter attached; skipping layout
E/RecyclerView(  440): No adapter attached; skipping layout
E/RecyclerView(  440): No adapter attached; skipping layout
E/RecyclerView(  440): No adapter attached; skipping layout
E/RecyclerView(  440): No adapter attached; skipping layout
E/RecyclerView(  440): No adapter attached; skipping layout
D/dalvikvm(  440): GC_CONCURRENT freed 663K, 11% free 6359K/7100K, paused 0ms+1ms, total 22ms
D/AndroidRuntime(  930): 
D/AndroidRuntime(  930): >>>>>> AndroidRuntime START com.android.internal.os.RuntimeInit <<<<<<
W/DebugConnManager(  440): getNetworkInfo() on networkType 1
D/dalvikvm(  440): GC_FOR_ALLOC freed 457K, 12% free 6439K/7300K, paused 11ms, total 11ms
I/dalvikvm-heap(  440): Grow heap (frag case) to 8.099MB for 1843212-byte allocation
D/dalvikvm(  440): GC_CONCURRENT freed 7K, 10% free 8232K/9104K, paused 3ms+1ms, total 15ms
D/dalvikvm(  440): WAIT_FOR_CONCURRENT_GC blocked 12ms
D/dalvikvm(  440): WAIT_FOR_CONCURRENT_GC blocked 13ms
D/dalvikvm(  440): WAIT_FOR_CONCURRENT_GC blocked 9ms
D/dalvikvm(  440): WAIT_FOR_CONCURRENT_GC blocked 9ms
D/dalvikvm(  440): WAIT_FOR_CONCURRENT_GC blocked 13ms
W/DebugConnManager(  440): getNetworkInfo() on networkType 1
D/dalvikvm(  440): GC_FOR_ALLOC freed 608K, 10% free 8487K/9420K, paused 12ms, total 12ms
I/dalvikvm-heap(  440): Grow heap (frag case) to 10.099MB for 1843212-byte allocation
D/dalvikvm(  440): GC_CONCURRENT freed 2K, 9% free 10284K/11224K, paused 1ms+33ms, total 45ms
D/dalvikvm(  440): WAIT_FOR_CONCURRENT_GC blocked 44ms
D/dalvikvm(  440): WAIT_FOR_CONCURRENT_GC blocked 46ms
D/dalvikvm(  440): WAIT_FOR_CONCURRENT_GC blocked 46ms
D/dalvikvm(  440): WAIT_FOR_CONCURRENT_GC blocked 50ms
W/DebugConnManager(  440): getNetworkInfo() on networkType 1
W/DebugConnManager(  440): getNetworkInfo() on networkType 1
D/dalvikvm(  440): GC_FOR_ALLOC freed 475K, 8% free 10342K/11224K, paused 22ms, total 22ms
I/dalvikvm-heap(  440): Grow heap (frag case) to 11.912MB for 1843212-byte allocation
D/dalvikvm(  440): GC_FOR_ALLOC freed 3K, 7% free 12139K/13028K, paused 13ms, total 13ms
W/DebugConnManager(  440): getNetworkInfo() on networkType 1
D/AndroidRuntime(  930): CheckJNI is OFF
D/dalvikvm(  930): Using executionMode 2
D/dalvikvm(  930): Trying to load lib libjavacore.so 0x0
D/dalvikvm(  930): Added shared lib libjavacore.so 0x0
D/dalvikvm(  930): Trying to load lib libnativehelper.so 0x0
D/dalvikvm(  930): Added shared lib libnativehelper.so 0x0
D/dalvikvm(  930): No JNI_OnLoad found in libnativehelper.so 0x0, skipping init
D/dalvikvm(  930): Note: class Landroid/app/ActivityManagerNative; has 179 unimplemented (abstract) methods
D/dalvikvm(  440): GC_CONCURRENT freed 1744K, 12% free 13495K/15296K, paused 9ms+2ms, total 38ms
D/dalvikvm(  440): WAIT_FOR_CONCURRENT_GC blocked 9ms
E/memtrack(  930): Couldn't load memtrack module (No such file or directory)
E/android.os.Debug(  930): failed to load memtrack module: -2
E/RemotePrintSpooler(  286): Error removing obsolete print jobs .
E/RemotePrintSpooler(  286): java.util.concurrent.TimeoutException: Cannot get spooler!
E/RemotePrintSpooler(  286): 	at com.android.server.print.RemotePrintSpooler.bindLocked(RemotePrintSpooler.java:376)
E/RemotePrintSpooler(  286): 	at com.android.server.print.RemotePrintSpooler.getRemoteInstanceLazy(RemotePrintSpooler.java:352)
E/RemotePrintSpooler(  286): 	at com.android.server.print.RemotePrintSpooler.removeObsoletePrintJobs(RemotePrintSpooler.java:287)
E/RemotePrintSpooler(  286): 	at com.android.server.print.UserState.removeObsoletePrintJobs(UserState.java:163)
E/RemotePrintSpooler(  286): 	at com.android.server.print.PrintManagerService$1.run(PrintManagerService.java:94)
E/RemotePrintSpooler(  286): 	at android.os.Handler.handleCallback(Handler.java:733)
E/RemotePrintSpooler(  286): 	at android.os.Handler.dispatchMessage(Handler.java:95)
E/RemotePrintSpooler(  286): 	at android.os.Looper.loop(Looper.java:136)
E/RemotePrintSpooler(  286): 	at android.os.HandlerThread.run(HandlerThread.java:61)
D/AndroidRuntime(  930): Calling main entry com.android.commands.settings.SettingsCmd
D/AndroidRuntime(  930): Shutting down VM
E/cutils-trace(  930): Error opening trace file: No such file or directory (2)
D/dalvikvm(  930): GC_CONCURRENT freed 95K, 15% free 561K/660K, paused 0ms+1ms, total 1ms
I/AndroidRuntime(  930): NOTE: attach of thread 'Binder_2' failed
I/FusedLocation(  286): engine stopped (com.android.location.fused)
I/FusedLocation(  286): engine started (com.android.location.fused)
D/dalvikvm(  440): GC_CONCURRENT freed 1534K, 10% free 15513K/17104K, paused 9ms+4ms, total 34ms
D/dalvikvm(  440): WAIT_FOR_CONCURRENT_GC blocked 28ms
D/dalvikvm(  440): WAIT_FOR_CONCURRENT_GC blocked 26ms
D/dalvikvm(  440): WAIT_FOR_CONCURRENT_GC blocked 15ms
D/BluetoothAdapter(  414): 1249767148: getState() :  mService = null. Returning STATE_OFF
D/dalvikvm(  440): WAIT_FOR_CONCURRENT_GC blocked 30ms
I/FusedLocation(  286): engine started (com.android.location.fused)
W/DebugConnManager(  286): getNetworkInfo() on networkType 1
E/GpsLocationProvider(  286): no AGPS interface in set_agps_server
D/GpsLocationProvider(  286): NTP server returned: 1554016300416 (Sun Mar 31 15:11:40 GMT+08:00 2019) reference: 23219 certainty: 112 system time offset: -3795
D/dalvikvm(  440): GC_CONCURRENT freed 2747K, 15% free 16992K/19796K, paused 3ms+3ms, total 32ms
D/dalvikvm(  440): WAIT_FOR_CONCURRENT_GC blocked 18ms
D/dalvikvm(  440): WAIT_FOR_CONCURRENT_GC blocked 12ms
D/dalvikvm(  440): WAIT_FOR_CONCURRENT_GC blocked 18ms
D/dalvikvm(  440): WAIT_FOR_CONCURRENT_GC blocked 27ms
D/        (  700): HostConnection::get() New Host Connection established 0xb7e038a0, tid 700
E/local_gps(  162): Can't send RMC command
D/dalvikvm(  440): GC_CONCURRENT freed 2524K, 12% free 19187K/21768K, paused 3ms+3ms, total 22ms
D/dalvikvm(  440): WAIT_FOR_CONCURRENT_GC blocked 11ms
D/dalvikvm(  440): GC_CONCURRENT freed 2766K, 12% free 21872K/24696K, paused 4ms+8ms, total 33ms
D/dalvikvm(  440): WAIT_FOR_CONCURRENT_GC blocked 24ms
D/dalvikvm(  440): WAIT_FOR_CONCURRENT_GC blocked 25ms
D/dalvikvm(  440): WAIT_FOR_CONCURRENT_GC blocked 28ms
D/dalvikvm(  440): WAIT_FOR_CONCURRENT_GC blocked 44ms
I/Choreographer(  440): Skipped 50 frames!  The application may be doing too much work on its main thread.
D/Sensors (  286): Client connection accepted (186)
D/PermissionCache(  167): checking android.permission.READ_FRAME_BUFFER for uid=1000 => granted (73 us)
E/SurfaceFlinger(  167): glCheckFramebufferStatusOES error 36054
E/SurfaceFlinger(  167): got GL_FRAMEBUFFER_COMPLETE_OES error while taking screenshot
D/SurfaceFlinger(  167): setOrientation, mFbdev=0xb8170e00, mFbDev->setOrientation=0xb6981ce0, orientation=3
I/gralloc_nox(  167): setOrientation: orientation=3
I/InputReader(  286): Reconfiguring input devices.  changes=0x00000004
I/InputReader(  286): Device reconfigured: id=1, name='seamless mouse', size 1280x720, orientation 3, mode 1, display id 0
I/InputReader(  286): Device reconfigured: id=3, name='Android Input', size 1280x720, orientation 3, mode 1, display id 0
I/InputReader(  286): Device reconfigured: id=8, name='VirtualBox USB Tablet', size 1280x720, orientation 3, mode 1, display id 0
I/ActivityManager(  286): Config changes=480 {1.0 460mcc7mnc zh_CN ldltr sw480dp w480dp h828dp 240dpi lrg long port finger qwerty/v/v dpad/v s.6}
W/DebugConnManager(  440): getNetworkInfo() on networkType 1
D/PhoneStatusBar(  341): mSettingsPanelGravity = 55
D/dalvikvm(  440): No JNI_OnLoad found in /system/lib/libxl_thunder_sdk.so 0x94fb4780, skipping init
D/dalvikvm(  440): No JNI_OnLoad found in /system/lib/libvphone_xl_thunder_iface.so 0x94fb4780, skipping init
I/XLUtil  (  440): loadAndParseFile start
D/dalvikvm(  341): GC_FOR_ALLOC freed 7023K, 58% free 5175K/12256K, paused 13ms, total 20ms
I/dalvikvm-heap(  341): Grow heap (frag case) to 11.357MB for 6553612-byte allocation
D/dalvikvm(  341): GC_CONCURRENT freed 78K, 7% free 11496K/12256K, paused 2ms+1ms, total 11ms
W/EGL_emulation(  341): eglSurfaceAttrib not implemented 3093 12436
I/XLUtil  (  440): loadAndParseFile end
I/XLDownloadManager(  440): Peerid:MDBFMDRDMzY5N0I4MDBYWQ==
I/XLDownloadManager(  440): Guid:ODYzMjU0MDEwMDAyMjQzXzAwRTA0QzM2OTdCOA==
I/XLDownloadManager(  440): doMonitorNetworkChange()
I/XLDownloadManager(  440): register Receiver
W/Launcher(  440): setApplicationContext called twice! old=com.vphone.launcher.LauncherApplication@4a7db0a4 new=com.vphone.launcher.LauncherApplication@4a7db0a4
W/ResourceType(  440): Attempt to retrieve bag 0x7f0e00a4 which is invalid or in a cycle.
D/Launcher(  440): 11683562 - bindAddScreens()
D/Launcher(  440): 11683562 -   orderedScreenIds: 1
D/Launcher.Workspace(  440): 11683562 - insertNewWorkspaceScreen(): 1 at index: 0
W/ContextImpl(  440): Calling a method in the system process without a qualified user: android.app.ContextImpl.startService:1492 android.content.ContextWrapper.startService:494 com.vphone.launcher.Launcher.g:677 com.vphone.launcher.Launcher.a:176 com.vphone.launcher.Launcher$11.run:633 
W/EGL_emulation(  440): eglSurfaceAttrib not implemented 3093 12436
D/XLDownloadManager(  440): NetworkChangeHandlerThread nettype=9
W/ContextImpl(  440): Calling a method in the system process without a qualified user: android.app.ContextImpl.sendBroadcast:1123 android.content.ContextWrapper.sendBroadcast:365 com.vphone.launcher.Hotseat$19.a:640 com.vphone.launcher.Hotseat$19.onResponse:629 com.vphone.launcher.network.GsonRequest.deliverResponse:52 
D/XLDownloadManager(  440): NetworkChangeHandlerThread bssid=00:E0:4C:36:97:B8
W/ContextImpl(  286): Calling a method in the system process without a qualified user: android.app.ContextImpl.sendBroadcast:1123 com.android.server.InputMethodManagerService.hideCurrentInputLocked:1880 com.android.server.InputMethodManagerService.windowGainedFocus:1968 com.android.internal.view.IInputMethodManager$Stub.onTransact:221 com.android.server.InputMethodManagerService.onTransact:818 
I/WindowManager(  286): Screen frozen for +686ms due to Window{4a95b3c0 u0 com.vphone.launcher/com.vphone.launcher.Launcher}
W/DebugConnManager(  440): getNetworkInfo() on networkType 1
D/AndroidRuntime(  966): 
D/AndroidRuntime(  966): >>>>>> AndroidRuntime START com.android.internal.os.RuntimeInit <<<<<<
D/dalvikvm(  440): GC_CONCURRENT freed 4450K, 16% free 23769K/28276K, paused 8ms+7ms, total 47ms
D/dalvikvm(  440): WAIT_FOR_CONCURRENT_GC blocked 24ms
D/dalvikvm(  440): WAIT_FOR_CONCURRENT_GC blocked 25ms
D/AndroidRuntime(  966): CheckJNI is OFF
D/dalvikvm(  966): Using executionMode 2
D/dalvikvm(  966): Trying to load lib libjavacore.so 0x0
D/dalvikvm(  966): Added shared lib libjavacore.so 0x0
D/dalvikvm(  966): Trying to load lib libnativehelper.so 0x0
D/dalvikvm(  966): Added shared lib libnativehelper.so 0x0
D/dalvikvm(  966): No JNI_OnLoad found in libnativehelper.so 0x0, skipping init
D/dalvikvm(  966): Note: class Landroid/app/ActivityManagerNative; has 179 unimplemented (abstract) methods
E/memtrack(  966): Couldn't load memtrack module (No such file or directory)
E/android.os.Debug(  966): failed to load memtrack module: -2
D/AndroidRuntime(  966): Calling main entry com.android.commands.pm.Pm
D/AndroidRuntime(  966): Shutting down VM
E/cutils-trace(  966): Error opening trace file: No such file or directory (2)
D/dalvikvm(  966): GC_CONCURRENT freed 152K, 22% free 567K/724K, paused 0ms+1ms, total 2ms
I/AndroidRuntime(  966): NOTE: attach of thread 'Binder_2' failed
D/dalvikvm(  440): GC_CONCURRENT freed 6547K, 22% free 24200K/30804K, paused 1ms+5ms, total 38ms
D/dalvikvm(  440): WAIT_FOR_CONCURRENT_GC blocked 27ms
D/SettingsProvider(  286): User 0 external modification to /data/data/com.android.providers.settings/databases/settings.db; event=8
D/SettingsProvider(  286): User 0 updating our caches for /data/data/com.android.providers.settings/databases/settings.db
D/dalvikvm(  286): GC_EXPLICIT freed 483K, 9% free 5655K/6204K, paused 1ms+1ms, total 18ms
W/System.err(  700): java.util.concurrent.ExecutionException: com.android.volley.TimeoutError
W/System.err(  700): 	at com.android.volley.toolbox.RequestFuture.doGet(RequestFuture.java:117)
W/System.err(  700): 	at com.android.volley.toolbox.RequestFuture.get(RequestFuture.java:88)
W/System.err(  700): 	at com.bignox.app.store.hd.asynctask.InitUpgradeAppTask.getUpgradeList(InitUpgradeAppTask.java:90)
W/System.err(  700): 	at com.bignox.app.store.hd.asynctask.InitUpgradeAppTask.doInBackground(InitUpgradeAppTask.java:52)
W/System.err(  700): 	at com.bignox.app.store.hd.asynctask.InitUpgradeAppTask.doInBackground(InitUpgradeAppTask.java:35)
W/System.err(  700): 	at android.os.AsyncTask$2.call(AsyncTask.java:288)
W/System.err(  700): 	at java.util.concurrent.FutureTask.run(FutureTask.java:237)
W/System.err(  700): 	at android.os.AsyncTask$SerialExecutor$1.run(AsyncTask.java:231)
W/System.err(  700): 	at java.util.concurrent.ThreadPoolExecutor.runWorker(ThreadPoolExecutor.java:1112)
W/System.err(  700): 	at java.util.concurrent.ThreadPoolExecutor$Worker.run(ThreadPoolExecutor.java:587)
W/System.err(  700): 	at java.lang.Thread.run(Thread.java:841)
W/System.err(  700): Caused by: com.android.volley.TimeoutError
W/System.err(  700): 	at com.android.volley.toolbox.BasicNetwork.performRequest(BasicNetwork.java:149)
W/System.err(  700): 	at com.android.volley.NetworkDispatcher.run(NetworkDispatcher.java:114)
W/ContextImpl(  286): Calling a method in the system process without a qualified user: android.app.ContextImpl.sendBroadcast:1123 com.android.server.NotificationManagerService$6.run:1838 android.os.Handler.handleCallback:733 android.os.Handler.dispatchMessage:95 android.os.Looper.loop:136 
D/CaptivePortalTracker(  286): DelayedCaptiveCheckState{ when=-6ms what=2 arg1=1 target=com.android.internal.util.StateMachine$SmHandler }
D/ConnectivityService(  286): setProvNotificationVisible: E visible=false networkType=1 extraInfo=null url=null
D/CaptivePortalTracker(  286): Checking http://14.215.177.38/generate_204
W/ActivityThread(  286): ClassLoader.loadClass: The class loader returned by Thread.getContextClassLoader() may fail for processes that host multiple applications. You should explicitly specify a context class loader. For example: Thread.setContextClassLoader(getClass().getClassLoader());
W/DebugConnManager(  440): getNetworkInfo() on networkType 1
D/dalvikvm(  440): GC_FOR_ALLOC freed 5090K, 19% free 25437K/31256K, paused 29ms, total 30ms
I/dalvikvm-heap(  440): Grow heap (frag case) to 26.653MB for 1843212-byte allocation
D/dalvikvm(  440): GC_FOR_ALLOC freed 1K, 18% free 27236K/33060K, paused 20ms, total 20ms
W/DebugConnManager(  440): getNetworkInfo() on networkType 1
W/DebugConnManager(  440): getNetworkInfo() on networkType 1
D/dalvikvm(  440): GC_FOR_ALLOC freed 851K, 18% free 28682K/34864K, paused 24ms, total 24ms
D/dalvikvm(  440): GC_FOR_ALLOC freed 154K, 15% free 31386K/36668K, paused 22ms, total 23ms
D/dalvikvm(  440): GC_FOR_ALLOC freed 6829K, 25% free 29818K/39568K, paused 26ms, total 29ms
I/ActivityManager(  286): Waited long enough for: ServiceRecord{4a963590 u0 com.bignox.app.store.hd/.services.StoreService}
D/dalvikvm(  700): GC_CONCURRENT freed 362K, 13% free 3439K/3924K, paused 1ms+1ms, total 12ms
D/HttpDnsSDK(  700): 59 - VMStack.java:-2 - [getThreadStackTrace] - resolve host: ressrc.yeshen.com, return: {"host":"ressrc.yeshen.com","ips":["60.205.13.186"],"ttl":260,"origin_ttl":600}
D/HttpDnsSDK(  700): 60 - VMStack.java:-2 - [getThreadStackTrace] - resolve host: res.src.yeshen.com, return: {"host":"res.src.yeshen.com","ips":[],"ttl":300}
D/HttpDnsSDK(  700): 58 - VMStack.java:-2 - [getThreadStackTrace] - resolve host: res.yeshen.com, return: {"host":"res.yeshen.com","ips":["175.6.243.35"],"ttl":50,"origin_ttl":60}
D/dalvikvm(  440): GC_CONCURRENT freed 3453K, 13% free 34556K/39568K, paused 0ms+5ms, total 37ms
D/dalvikvm(  440): WAIT_FOR_CONCURRENT_GC blocked 28ms
D/dalvikvm(  440): WAIT_FOR_CONCURRENT_GC blocked 31ms
D/dalvikvm(  440): WAIT_FOR_CONCURRENT_GC blocked 27ms
D/dalvikvm(  440): WAIT_FOR_CONCURRENT_GC blocked 23ms
D/dalvikvm(  440): GC_CONCURRENT freed 4306K, 11% free 38445K/42808K, paused 4ms+8ms, total 47ms
D/dalvikvm(  440): WAIT_FOR_CONCURRENT_GC blocked 28ms
D/dalvikvm(  440): WAIT_FOR_CONCURRENT_GC blocked 36ms
D/dalvikvm(  440): WAIT_FOR_CONCURRENT_GC blocked 33ms
D/SettingsProvider(  286): User 0 external modification to /data/data/com.android.providers.settings/databases/settings.db; event=8
D/SettingsProvider(  286): User 0 updating our caches for /data/data/com.android.providers.settings/databases/settings.db
D/CaptivePortalTracker(  286): Probably not a portal: exception java.net.SocketTimeoutException
D/CaptivePortalTracker(  286): Don't send network conditions - lacking user consent.
D/CaptivePortalTracker(  286): Not captive network NetworkInfo: type: WIFI[], state: CONNECTED/CONNECTED, reason: (unspecified), extra: "AndroidAP", roaming: false, failover: false, isAvailable: true, isConnectedToProvisioningNetwork: false
D/CaptivePortalTracker(  286): notifyPortalCheckCompleted: captive=false ni=NetworkInfo: type: WIFI[], state: CONNECTED/CONNECTED, reason: (unspecified), extra: "AndroidAP", roaming: false, failover: false, isAvailable: true, isConnectedToProvisioningNetwork: false
D/ConnectivityService(  286): captivePortalCheckCompleted: ni=NetworkInfo: type: WIFI[], state: CONNECTED/CONNECTED, reason: (unspecified), extra: "AndroidAP", roaming: false, failover: false, isAvailable: true, isConnectedToProvisioningNetwork: false captive=false
D/SettingsProvider(  286): User 0 external modification to /data/data/com.android.providers.settings/databases/settings.db; event=8
D/SettingsProvider(  286): User 0 updating our caches for /data/data/com.android.providers.settings/databases/settings.db
D/ConnectivityService(  286): Sampling interval elapsed, updating statistics ..
D/ConnectivityService(  286): Done.
D/ConnectivityService(  286): Setting timer for 720seconds
D/dalvikvm(  700): GC_CONCURRENT freed 473K, 14% free 3408K/3944K, paused 1ms+0ms, total 7ms
D/HttpDnsSDK(  700): 57 - VMStack.java:-2 - [getThreadStackTrace] - get MAN response: {"t":1554016362530,"ret":"","success":"success"}
W/DebugConnManager(  440): getNetworkInfo() on networkType 1
D/SettingsProvider(  286): User 0 external modification to /data/data/com.android.providers.settings/databases/settings.db; event=8
D/SettingsProvider(  286): User 0 updating our caches for /data/data/com.android.providers.settings/databases/settings.db
D/SettingsProvider(  286): User 0 external modification to /data/data/com.android.providers.settings/databases/settings.db; event=8
D/SettingsProvider(  286): User 0 updating our caches for /data/data/com.android.providers.settings/databases/settings.db
D/SettingsProvider(  286): User 0 external modification to /data/data/com.android.providers.settings/databases/settings.db; event=8
D/SettingsProvider(  286): User 0 updating our caches for /data/data/com.android.providers.settings/databases/settings.db
E/shadowsocks( 1080): getpeername: Transport endpoint is not connected
W/PropertyValuesHolder(  440): Method setBrightness() with type int not found on target class class mh
W/PropertyValuesHolder(  440): Method getBrightness() with type int not found on target class class mh
I/ActivityManager(  286): START u0 {act=android.intent.action.MAIN cat=[android.intent.category.LAUNCHER] flg=0x10200000 cmp=com.lemon.lemonban/.activity.WelcomeActivity bnds=[431,618][572,848] (has extras)} from pid 440
D/dalvikvm(  286): GC_CONCURRENT freed 534K, 10% free 5700K/6304K, paused 1ms+1ms, total 12ms
D/dalvikvm(  286): GC_FOR_ALLOC freed 21K, 10% free 5679K/6304K, paused 13ms, total 13ms
I/dalvikvm-heap(  286): Grow heap (frag case) to 5.814MB for 214524-byte allocation
D/dalvikvm(  286): GC_FOR_ALLOC freed 0K, 10% free 5888K/6516K, paused 10ms, total 10ms
D/dalvikvm(  286): GC_FOR_ALLOC freed 1K, 10% free 5892K/6516K, paused 9ms, total 9ms
W/ContextImpl(  440): Calling a method in the system process without a qualified user: android.app.ContextImpl.sendBroadcast:1137 android.content.ContextWrapper.sendBroadcast:370 com.vphone.launcher.Stats.recordLaunch:129 com.vphone.launcher.Launcher.c:3179 com.vphone.launcher.Launcher.onClickAppShortcut:3117 
D/        (  286): HostConnection::get() New Host Connection established 0xb7e92a60, tid 298
I/dalvikvm(  809): Could not find method android.view.Window$Callback.onProvideKeyboardShortcuts, referenced from method android.support.v7.view.WindowCallbackWrapper.onProvideKeyboardShortcuts
W/dalvikvm(  809): VFY: unable to resolve interface method 21929: Landroid/view/Window$Callback;.onProvideKeyboardShortcuts (Ljava/util/List;Landroid/view/Menu;I)V
D/dalvikvm(  809): VFY: replacing opcode 0x72 at 0x0002
W/dalvikvm(  809): VFY: unable to find class referenced in signature (Landroid/view/SearchEvent;)
I/dalvikvm(  809): Could not find method android.view.Window$Callback.onSearchRequested, referenced from method android.support.v7.view.WindowCallbackWrapper.onSearchRequested
W/dalvikvm(  809): VFY: unable to resolve interface method 21931: Landroid/view/Window$Callback;.onSearchRequested (Landroid/view/SearchEvent;)Z
D/dalvikvm(  809): VFY: replacing opcode 0x72 at 0x0002
I/dalvikvm(  809): Could not find method android.view.Window$Callback.onWindowStartingActionMode, referenced from method android.support.v7.view.WindowCallbackWrapper.onWindowStartingActionMode
W/dalvikvm(  809): VFY: unable to resolve interface method 21935: Landroid/view/Window$Callback;.onWindowStartingActionMode (Landroid/view/ActionMode$Callback;I)Landroid/view/ActionMode;
D/dalvikvm(  809): VFY: replacing opcode 0x72 at 0x0002
I/dalvikvm(  809): Could not find method android.content.res.TypedArray.getChangingConfigurations, referenced from method android.support.v7.widget.TintTypedArray.getChangingConfigurations
W/dalvikvm(  809): VFY: unable to resolve virtual method 661: Landroid/content/res/TypedArray;.getChangingConfigurations ()I
D/dalvikvm(  809): VFY: replacing opcode 0x6e at 0x0002
I/dalvikvm(  809): Could not find method android.content.res.TypedArray.getType, referenced from method android.support.v7.widget.TintTypedArray.getType
W/dalvikvm(  809): VFY: unable to resolve virtual method 683: Landroid/content/res/TypedArray;.getType (I)I
D/dalvikvm(  809): VFY: replacing opcode 0x6e at 0x0008
D/dalvikvm(  809): JIT code cache reset in 0 ms (0 bytes 1/0)
D/dalvikvm(  809): GC_CONCURRENT freed 283K, 11% free 2947K/3292K, paused 0ms+17ms, total 23ms
I/dalvikvm(  809): Could not find method android.content.res.Resources.getDrawable, referenced from method android.support.v7.widget.ResourcesWrapper.getDrawable
W/dalvikvm(  809): VFY: unable to resolve virtual method 624: Landroid/content/res/Resources;.getDrawable (ILandroid/content/res/Resources$Theme;)Landroid/graphics/drawable/Drawable;
D/dalvikvm(  809): VFY: replacing opcode 0x6e at 0x0002
I/dalvikvm(  809): Could not find method android.content.res.Resources.getDrawableForDensity, referenced from method android.support.v7.widget.ResourcesWrapper.getDrawableForDensity
W/dalvikvm(  809): VFY: unable to resolve virtual method 626: Landroid/content/res/Resources;.getDrawableForDensity (IILandroid/content/res/Resources$Theme;)Landroid/graphics/drawable/Drawable;
D/dalvikvm(  809): VFY: replacing opcode 0x6e at 0x0002
D/dalvikvm(  809): GC_FOR_ALLOC freed 22K, 10% free 2966K/3292K, paused 4ms, total 4ms
I/dalvikvm-heap(  809): Grow heap (frag case) to 4.580MB for 1705612-byte allocation
D/dalvikvm(  809): GC_FOR_ALLOC freed <1K, 7% free 4631K/4960K, paused 5ms, total 5ms
D/dalvikvm(  809): GC_CONCURRENT freed <1K, 7% free 4631K/4960K, paused 0ms+1ms, total 7ms
E/dalvikvm(  809): Could not find class 'android.graphics.drawable.RippleDrawable', referenced from method android.support.v7.widget.AppCompatImageHelper.hasOverlappingRendering
W/dalvikvm(  809): VFY: unable to resolve instanceof 185 (Landroid/graphics/drawable/RippleDrawable;) in Landroid/support/v7/widget/AppCompatImageHelper;
D/dalvikvm(  809): VFY: replacing opcode 0x20 at 0x000c
D/libEGL  (  809): loaded /system/lib/egl/libEGL_adreno.so
D/        (  809): HostConnection::get() New Host Connection established 0xb7d6deb0, tid 809
D/libEGL  (  809): loaded /system/lib/egl/libGLESv1_CM_adreno.so
D/libEGL  (  809): loaded /system/lib/egl/libGLESv2_adreno.so
W/EGL_emulation(  809): eglSurfaceAttrib not implemented 3093 12436
D/OpenGLRenderer(  809): Enabling debug mode 0
W/ContextImpl(  286): Calling a method in the system process without a qualified user: android.app.ContextImpl.sendBroadcast:1123 com.android.server.InputMethodManagerService.hideCurrentInputLocked:1880 com.android.server.InputMethodManagerService.windowGainedFocus:1968 com.android.internal.view.IInputMethodManager$Stub.onTransact:221 com.android.server.InputMethodManagerService.onTransact:818 
I/ActivityManager(  286): Displayed com.lemon.lemonban/.activity.WelcomeActivity: +429ms
D/AndroidRuntime( 1314): 
D/AndroidRuntime( 1314): >>>>>> AndroidRuntime START com.android.internal.os.RuntimeInit <<<<<<
D/AndroidRuntime( 1314): CheckJNI is OFF
D/dalvikvm( 1314): Using executionMode 2
D/dalvikvm( 1314): Trying to load lib libjavacore.so 0x0
D/dalvikvm( 1314): Added shared lib libjavacore.so 0x0
D/dalvikvm( 1314): Trying to load lib libnativehelper.so 0x0
D/dalvikvm( 1314): Added shared lib libnativehelper.so 0x0
D/dalvikvm( 1314): No JNI_OnLoad found in libnativehelper.so 0x0, skipping init
D/dalvikvm( 1314): Note: class Landroid/app/ActivityManagerNative; has 179 unimplemented (abstract) methods
E/memtrack( 1314): Couldn't load memtrack module (No such file or directory)
E/android.os.Debug( 1314): failed to load memtrack module: -2
D/AndroidRuntime( 1314): Calling main entry com.android.commands.pm.Pm
D/AndroidRuntime( 1314): Shutting down VM
E/cutils-trace( 1314): Error opening trace file: No such file or directory (2)
D/dalvikvm( 1314): GC_CONCURRENT freed 153K, 22% free 567K/724K, paused 1ms+0ms, total 2ms
I/ActivityManager(  286): START u0 {cmp=com.lemon.lemonban/.activity.MainActivity} from pid 809
W/DebugConnManager(  440): getNetworkInfo() on networkType 1
W/dalvikvm(  809): VFY: unable to find class referenced in signature (Landroid/os/PersistableBundle;)
I/dalvikvm(  809): Could not find method com.lemon.lemonban.base.BaseActivity.onSaveInstanceState, referenced from method com.lemon.lemonban.activity.MainActivity.onSaveInstanceState
W/dalvikvm(  809): VFY: unable to resolve virtual method 34408: Lcom/lemon/lemonban/base/BaseActivity;.onSaveInstanceState (Landroid/os/Bundle;Landroid/os/PersistableBundle;)V
D/dalvikvm(  809): VFY: replacing opcode 0x6f at 0x000f
I/dalvikvm(  809): Could not find method android.content.Context.getColorStateList, referenced from method android.support.v7.content.res.AppCompatResources.getColorStateList
W/dalvikvm(  809): VFY: unable to resolve virtual method 416: Landroid/content/Context;.getColorStateList (I)Landroid/content/res/ColorStateList;
D/dalvikvm(  809): VFY: replacing opcode 0x6e at 0x0006
I/dalvikvm(  809): Could not find method android.view.Window.setStatusBarColor, referenced from method com.lemon.lemonban.tools.StatusBarUtil.transparencyBar
W/dalvikvm(  809): VFY: unable to resolve virtual method 21953: Landroid/view/Window;.setStatusBarColor (I)V
D/dalvikvm(  809): VFY: replacing opcode 0x6e at 0x001e
D/dalvikvm(  809): GC_CONCURRENT freed 210K, 6% free 4902K/5172K, paused 2ms+1ms, total 9ms
I/lemonban(  809): Enabling web debugging
V/WebViewChromium(  809): Binding Chromium to the main looper Looper (main, tid 1) {4a7d5a28}
I/chromium(  809): [INFO:library_loader_hooks.cc(112)] Chromium logging enabled: level = 0, default verbosity = 0
I/BrowserProcessMain(  809): Initializing chromium process, renderers=0
I/ActivityManager(  286): Start proc com.lemon.lemonban:pushservice for service com.lemon.lemonban/.service.LemonPushService: pid=1329 uid=10031 gids={50031, 3003, 1028, 1015, 1023, 3002, 3001}
I/dalvikvm( 1329): ignoring registerObject request in thread=1
I/dalvikvm( 1329): ignoring registerObject request in thread=1
W/chromium(  809): [WARNING:proxy_service.cc(888)] PAC support disabled because there is no system implementation
I/dalvikvm( 1329): Could not find method android.view.ViewGroup.<init>, referenced from method com.scwang.smartrefresh.layout.SmartRefreshLayout.<init>
W/dalvikvm( 1329): VFY: unable to resolve direct method 21745: Landroid/view/ViewGroup;.<init> (Landroid/content/Context;Landroid/util/AttributeSet;II)V
D/dalvikvm( 1329): VFY: replacing opcode 0x70 at 0x0007
I/dalvikvm(  809): Could not find method android.view.Window.setStatusBarColor, referenced from method com.wuhenzhizao.utils.AppUtils.transparencyBar
W/dalvikvm(  809): VFY: unable to resolve virtual method 21953: Landroid/view/Window;.setStatusBarColor (I)V
D/dalvikvm(  809): VFY: replacing opcode 0x6e at 0x0037
D/dalvikvm( 1329): DexOpt: couldn't find static field Landroid/os/Build;.SUPPORTED_ABIS
W/dalvikvm( 1329): VFY: unable to resolve static field 157 (SUPPORTED_ABIS) in Landroid/os/Build;
D/dalvikvm( 1329): VFY: replacing opcode 0x62 at 0x0006
D/dalvikvm( 1329): DexOpt: couldn't find static field Landroid/os/Build;.SUPPORTED_ABIS
I/dalvikvm( 1329): DexOpt: unable to optimize static field ref 0x009d at 0x0b in Lcom/igexin/a/j;.a
D/dalvikvm(  809): GC_CONCURRENT freed 327K, 7% free 5243K/5632K, paused 0ms+5ms, total 11ms
D/dalvikvm(  809): WAIT_FOR_CONCURRENT_GC blocked 1ms
D/dalvikvm( 1329): JIT code cache reset in 0 ms (0 bytes 1/0)
D/dalvikvm( 1329): GC_CONCURRENT freed 284K, 11% free 2956K/3300K, paused 2ms+1ms, total 6ms
W/DebugConnManager(  809): getNetworkInfo() on networkType 1
W/DebugConnManager(  809): getNetworkInfo() on networkType 1
I/dalvikvm(  809): Could not find method android.view.ViewGroup.<init>, referenced from method com.scwang.smartrefresh.header.MaterialHeader.<init>
W/dalvikvm(  809): VFY: unable to resolve direct method 21745: Landroid/view/ViewGroup;.<init> (Landroid/content/Context;Landroid/util/AttributeSet;II)V
D/dalvikvm(  809): VFY: replacing opcode 0x70 at 0x0000
I/dalvikvm(  809): Could not find method com.scwang.smartrefresh.header.material.CircleImageView.setElevation, referenced from method com.scwang.smartrefresh.header.material.CircleImageView.<init>
W/dalvikvm(  809): VFY: unable to resolve virtual method 40338: Lcom/scwang/smartrefresh/header/material/CircleImageView;.setElevation (F)V
D/dalvikvm(  809): VFY: replacing opcode 0x6e at 0x0031
I/Process ( 1329): Sending signal. PID: 1329 SIG: 9
I/dalvikvm(  809): Could not find method android.content.res.Resources.getColor, referenced from method com.scwang.smartrefresh.header.material.CircleImageView.setBackgroundColorRes
W/dalvikvm(  809): VFY: unable to resolve virtual method 615: Landroid/content/res/Resources;.getColor (ILandroid/content/res/Resources$Theme;)I
D/dalvikvm(  809): VFY: replacing opcode 0x6e at 0x0012
I/ActivityManager(  286): Process com.lemon.lemonban:pushservice (pid 1329) has died.
W/EGL_emulation(  809): eglSurfaceAttrib not implemented 3093 12436
D/dalvikvm(  809): GC_CONCURRENT freed 278K, 7% free 5642K/6004K, paused 2ms+0ms, total 8ms
W/ContextImpl(  286): Calling a method in the system process without a qualified user: android.app.ContextImpl.sendBroadcast:1123 com.android.server.InputMethodManagerService.hideCurrentInputLocked:1880 com.android.server.InputMethodManagerService.windowGainedFocus:1968 com.android.internal.view.IInputMethodManager$Stub.onTransact:221 com.android.server.InputMethodManagerService.onTransact:818 
I/ActivityManager(  286): Displayed com.lemon.lemonban/.activity.MainActivity: +459ms
D/dalvikvm(  286): GC_FOR_ALLOC freed 87K, 9% free 6136K/6728K, paused 9ms, total 9ms
D/dalvikvm(  286): GC_FOR_ALLOC freed 30K, 9% free 6316K/6940K, paused 10ms, total 10ms
D/dalvikvm(  286): GC_FOR_ALLOC freed 210K, 12% free 6316K/7152K, paused 11ms, total 11ms
D/dalvikvm(  286): GC_FOR_ALLOC freed 209K, 12% free 6316K/7152K, paused 9ms, total 9ms
I/ActivityManager(  286): START u0 {act=com.android.systemui.recent.action.TOGGLE_RECENTS flg=0x10800000 cmp=com.android.systemui/.recent.RecentsActivity (has extras)} from pid 341
D/dalvikvm(  286): GC_FOR_ALLOC freed 2K, 9% free 6530K/7152K, paused 12ms, total 12ms
D/dalvikvm(  286): GC_FOR_ALLOC freed 213K, 12% free 6530K/7364K, paused 10ms, total 10ms
W/EGL_emulation(  341): eglSurfaceAttrib not implemented 3093 12436
W/ContextImpl(  286): Calling a method in the system process without a qualified user: android.app.ContextImpl.sendBroadcast:1123 com.android.server.InputMethodManagerService.hideCurrentInputLocked:1880 com.android.server.InputMethodManagerService.windowGainedFocus:1968 com.android.internal.view.IInputMethodManager$Stub.onTransact:221 com.android.server.InputMethodManagerService.onTransact:818 
D/        (  167): HostConnection::get() New Host Connection established 0xb818a450, tid 1359
I/ActivityManager(  286): Displayed com.android.systemui/.recent.RecentsActivity: +126ms
D/AndroidRuntime( 1362): 
D/AndroidRuntime( 1362): >>>>>> AndroidRuntime START com.android.internal.os.RuntimeInit <<<<<<
D/AndroidRuntime( 1362): CheckJNI is OFF
D/dalvikvm( 1362): Using executionMode 2
W/ManagedEGLContext(  809): doTerminate failed: EGL count is 2 but managed count is 1
D/dalvikvm( 1362): Trying to load lib libjavacore.so 0x0
D/dalvikvm( 1362): Added shared lib libjavacore.so 0x0
D/dalvikvm( 1362): Trying to load lib libnativehelper.so 0x0
D/dalvikvm( 1362): Added shared lib libnativehelper.so 0x0
D/dalvikvm( 1362): No JNI_OnLoad found in libnativehelper.so 0x0, skipping init
D/dalvikvm( 1362): Note: class Landroid/app/ActivityManagerNative; has 179 unimplemented (abstract) methods
E/memtrack( 1362): Couldn't load memtrack module (No such file or directory)
E/android.os.Debug( 1362): failed to load memtrack module: -2
D/AndroidRuntime( 1362): Calling main entry com.android.commands.pm.Pm
D/AndroidRuntime( 1362): Shutting down VM
E/cutils-trace( 1362): Error opening trace file: No such file or directory (2)
D/dalvikvm( 1362): GC_CONCURRENT freed 153K, 22% free 567K/724K, paused 0ms+0ms, total 1ms
D/dalvikvm(  286): GC_FOR_ALLOC freed 529K, 11% free 6572K/7352K, paused 12ms, total 12ms
I/ActivityManager(  286): Killing 809:com.lemon.lemonban/u0a31 (adj 9): remove task
E/BallPulseView(  809): onDetachedFromWindow
E/BallPulseView(  809): mAnimators.cancel
E/BallPulseView(  809): mAnimators.cancel
E/BallPulseView(  809): mAnimators.cancel
E/BallPulseView(  809): stopAnim
E/BallPulseView(  809): stopAnim.cancel()
E/BallPulseView(  809): stopAnim.cancel()
E/BallPulseView(  809): stopAnim.cancel()
W/InputDispatcher(  286): channel '4a957c5c com.lemon.lemonban/com.lemon.lemonban.activity.MainActivity (server)' ~ Consumer closed input channel or an error occurred.  events=0x9
E/InputDispatcher(  286): channel '4a957c5c com.lemon.lemonban/com.lemon.lemonban.activity.MainActivity (server)' ~ Channel is unrecoverably broken and will be disposed!
W/InputDispatcher(  286): Attempted to unregister already unregistered input channel '4a957c5c com.lemon.lemonban/com.lemon.lemonban.activity.MainActivity (server)'
I/WindowState(  286): WIN DEATH: Window{4a957c5c u0 com.lemon.lemonban/com.lemon.lemonban.activity.MainActivity}
W/EGL_emulation(  440): eglSurfaceAttrib not implemented 3093 12436
W/ContextImpl(  286): Calling a method in the system process without a qualified user: android.app.ContextImpl.sendBroadcast:1123 com.android.server.InputMethodManagerService.hideCurrentInputLocked:1880 com.android.server.InputMethodManagerService.windowGainedFocus:1968 com.android.internal.view.IInputMethodManager$Stub.onTransact:221 com.android.server.InputMethodManagerService.onTransact:818 
W/ResourceType(  286): Skipping entry 0x7f05000e in package table 0 because it is not complex!
W/ResourceType(  286): Skipping entry 0x7f05000f in package table 0 because it is not complex!
W/EGL_emulation(  341): eglSurfaceAttrib not implemented 3093 12436
D/AndroidRuntime( 1379): 
D/AndroidRuntime( 1379): >>>>>> AndroidRuntime START com.android.internal.os.RuntimeInit <<<<<<
D/AndroidRuntime( 1379): CheckJNI is OFF
D/dalvikvm( 1379): Using executionMode 2
D/dalvikvm( 1379): Trying to load lib libjavacore.so 0x0
D/dalvikvm( 1379): Added shared lib libjavacore.so 0x0
D/dalvikvm( 1379): Trying to load lib libnativehelper.so 0x0
D/dalvikvm( 1379): Added shared lib libnativehelper.so 0x0
D/dalvikvm( 1379): No JNI_OnLoad found in libnativehelper.so 0x0, skipping init
D/dalvikvm( 1379): Note: class Landroid/app/ActivityManagerNative; has 179 unimplemented (abstract) methods
E/memtrack( 1379): Couldn't load memtrack module (No such file or directory)
E/android.os.Debug( 1379): failed to load memtrack module: -2
